210.213.203.227 - - [05/Sep/2024:05:49:56 +0000] "GET /en/home/getcaptchaimage?formCaptcha=Footer_Form&v1 HTTP/2.0" 200 10413 "https://ronixtools.com/en/product/electric-spray-gun-130w-1313/" "Mozilla/5.0 (Linux; Android 10; K) AppleWebKit/537.36 (KHTML, like Gecko) Chrome/128.0.0.0 Mobile Safari/537.36" "-"
210.213.203.227 - - [05/Sep/2024:05:49:59 +0000] "GET /en/product/hvlp-electric-spray-gun-650w-1365/ HTTP/2.0" 200 41985 "https://ronixtools.com/en/product/electric-spray-gun-130w-1313/" "Mozilla/5.0 (Linux; Android 10; K) AppleWebKit/537.36 (KHTML, like Gecko) Chrome/128.0.0.0 Mobile Safari/537.36" "-"
210.213.203.227 - - [05/Sep/2024:05:49:59 +0000] "GET /img/media/products/1365/modeling-638211400987659552.webp HTTP/2.0" 200 99902 "https://ronixtools.com/en/product/hvlp-electric-spray-gun-650w-1365/" "Mozilla/5.0 (Linux; Android 10; K) AppleWebKit/537.36 (KHTML, like Gecko) Chrome/128.0.0.0 Mobile Safari/537.36" "-"
210.213.203.227 - - [05/Sep/2024:05:49:59 +0000] "GET /img/media/products/1365/original-638105943492791948.webp HTTP/2.0" 200 26990 "https://ronixtools.com/en/product/hvlp-electric-spray-gun-650w-1365/" "Mozilla/5.0 (Linux; Android 10; K) AppleWebKit/537.36 (KHTML, like Gecko) Chrome/128.0.0.0 Mobile Safari/537.36" "-"
210.213.203.227 - - [05/Sep/2024:05:49:59 +0000] "GET /img/media/products/1365/original-638105943603200982.webp HTTP/2.0" 200 26326 "https://ronixtools.com/en/product/hvlp-electric-spray-gun-650w-1365/" "Mozilla/5.0 (Linux; Android 10; K) AppleWebKit/537.36 (KHTML, like Gecko) Chrome/128.0.0.0 Mobile Safari/537.36" "-"
210.213.203.227 - - [05/Sep/2024:05:49:59 +0000] "GET /img/media/products/1365/original-638105943797174282.webp HTTP/2.0" 200 21820 "https://ronixtools.com/en/product/hvlp-electric-spray-gun-650w-1365/" "Mozilla/5.0 (Linux; Android 10; K) AppleWebKit/537.36 (KHTML, like Gecko) Chrome/128.0.0.0 Mobile Safari/537.36" "-"
210.213.203.227 - - [05/Sep/2024:05:49:59 +0000] "GET /img/media/products/1365/original-638105943762905708.webp HTTP/2.0" 200 18276 "https://ronixtools.com/en/product/hvlp-electric-spray-gun-650w-1365/" "Mozilla/5.0 (Linux; Android 10; K) AppleWebKit/537.36 (KHTML, like Gecko) Chrome/128.0.0.0 Mobile Safari/537.36" "-"
210.213.203.227 - - [05/Sep/2024:05:49:59 +0000] "GET /img/media/products/1365/original-638105943754944576.webp HTTP/2.0" 200 66364 "https://ronixtools.com/en/product/hvlp-electric-spray-gun-650w-1365/" "Mozilla/5.0 (Linux; Android 10; K) AppleWebKit/537.36 (KHTML, like Gecko) Chrome/128.0.0.0 Mobile Safari/537.36" "-"
210.213.203.227 - - [05/Sep/2024:05:49:59 +0000] "GET /img/media/products/1365/original-638105943571410488.webp HTTP/2.0" 200 27726 "https://ronixtools.com/en/product/hvlp-electric-spray-gun-650w-1365/" "Mozilla/5.0 (Linux; Android 10; K) AppleWebKit/537.36 (KHTML, like Gecko) Chrome/128.0.0.0 Mobile Safari/537.36" "-"
210.213.203.227 - - [05/Sep/2024:05:49:59 +0000] "GET /img/media/products/1365/original-638105943826443861.webp HTTP/2.0" 200 34452 "https://ronixtools.com/en/product/hvlp-electric-spray-gun-650w-1365/" "Mozilla/5.0 (Linux; Android 10; K) AppleWebKit/537.36 (KHTML, like Gecko) Chrome/128.0.0.0 Mobile Safari/537.36" "-"
210.213.203.227 - - [05/Sep/2024:05:49:59 +0000] "GET /img/media/products/1365/original-638105943865475787.webp HTTP/2.0" 200 31512 "https://ronixtools.com/en/product/hvlp-electric-spray-gun-650w-1365/" "Mozilla/5.0 (Linux; Android 10; K) AppleWebKit/537.36 (KHTML, like Gecko) Chrome/128.0.0.0 Mobile Safari/537.36" "-"
210.213.203.227 - - [05/Sep/2024:05:49:59 +0000] "GET /img/media/products/1365/original-638105943754465789.webp HTTP/2.0" 200 23088 "https://ronixtools.com/en/product/hvlp-electric-spray-gun-650w-1365/" "Mozilla/5.0 (Linux; Android 10; K) AppleWebKit/537.36 (KHTML, like Gecko) Chrome/128.0.0.0 Mobile Safari/537.36" "-"
210.213.203.227 - - [05/Sep/2024:05:50:00 +0000] "GET /img/media/products/1365/mapped-638580907077914591.webp HTTP/2.0" 200 89492 "https://ronixtools.com/en/product/hvlp-electric-spray-gun-650w-1365/" "Mozilla/5.0 (Linux; Android 10; K) AppleWebKit/537.36 (KHTML, like Gecko) Chrome/128.0.0.0 Mobile Safari/537.36" "-"
210.213.203.227 - - [05/Sep/2024:05:50:00 +0000] "GET /en/home/getcaptchaimage?formCaptcha=ProductRatesAndReview&v1 HTTP/2.0" 200 10660 "https://ronixtools.com/en/product/hvlp-electric-spray-gun-650w-1365/" "Mozilla/5.0 (Linux; Android 10; K) AppleWebKit/537.36 (KHTML, like Gecko) Chrome/128.0.0.0 Mobile Safari/537.36" "-"
210.213.203.227 - - [05/Sep/2024:05:50:00 +0000] "GET /en/home/getcaptchaimage?formCaptcha=Footer_Form&v1 HTTP/2.0" 200 9931 "https://ronixtools.com/en/product/hvlp-electric-spray-gun-650w-1365/" "Mozilla/5.0 (Linux; Android 10; K) AppleWebKit/537.36 (KHTML, like Gecko) Chrome/128.0.0.0 Mobile Safari/537.36" "-"
210.213.203.227 - - [05/Sep/2024:05:50:00 +0000] "GET /en/home/getcaptchaimage?formCaptcha=replyForm&v1 HTTP/2.0" 200 10131 "https://ronixtools.com/en/product/hvlp-electric-spray-gun-650w-1365/" "Mozilla/5.0 (Linux; Android 10; K) AppleWebKit/537.36 (KHTML, like Gecko) Chrome/128.0.0.0 Mobile Safari/537.36" "-"
210.213.203.227 - - [05/Sep/2024:05:50:02 +0000] "GET /en/product/hvlp-electric-spray-gun-650w-1365/ HTTP/2.0" 200 41989 "https://ronixtools.com/en/product/hvlp-electric-spray-gun-650w-1365/" "Mozilla/5.0 (Linux; Android 10; K) AppleWebKit/537.36 (KHTML, like Gecko) Chrome/128.0.0.0 Mobile Safari/537.36" "-"
210.213.203.227 - - [05/Sep/2024:05:50:03 +0000] "GET /en/home/getcaptchaimage?formCaptcha=ProductRatesAndReview&v1 HTTP/2.0" 200 9473 "https://ronixtools.com/en/product/hvlp-electric-spray-gun-650w-1365/" "Mozilla/5.0 (Linux; Android 10; K) AppleWebKit/537.36 (KHTML, like Gecko) Chrome/128.0.0.0 Mobile Safari/537.36" "-"
210.213.203.227 - - [05/Sep/2024:05:50:03 +0000] "GET /en/home/getcaptchaimage?formCaptcha=replyForm&v1 HTTP/2.0" 200 10289 "https://ronixtools.com/en/product/hvlp-electric-spray-gun-650w-1365/" "Mozilla/5.0 (Linux; Android 10; K) AppleWebKit/537.36 (KHTML, like Gecko) Chrome/128.0.0.0 Mobile Safari/537.36" "-"
210.213.203.227 - - [05/Sep/2024:05:50:03 +0000] "GET /en/home/getcaptchaimage?formCaptcha=Footer_Form&v1 HTTP/2.0" 200 9940 "https://ronixtools.com/en/product/hvlp-electric-spray-gun-650w-1365/" "Mozilla/5.0 (Linux; Android 10; K) AppleWebKit/537.36 (KHTML, like Gecko) Chrome/128.0.0.0 Mobile Safari/537.36" "-"
210.213.203.227 - - [05/Sep/2024:05:50:06 +0000] "GET /en/product/hvlp-electric-spray-gun-650w-1365/ HTTP/2.0" 200 41991 "https://ronixtools.com/en/product/hvlp-electric-spray-gun-650w-1365/" "Mozilla/5.0 (Linux; Android 10; K) AppleWebKit/537.36 (KHTML, like Gecko) Chrome/128.0.0.0 Mobile Safari/537.36" "-"
210.213.203.227 - - [05/Sep/2024:05:50:06 +0000] "GET /en/home/getcaptchaimage?formCaptcha=ProductRatesAndReview&v1 HTTP/2.0" 200 10973 "https://ronixtools.com/en/product/hvlp-electric-spray-gun-650w-1365/" "Mozilla/5.0 (Linux; Android 10; K) AppleWebKit/537.36 (KHTML, like Gecko) Chrome/128.0.0.0 Mobile Safari/537.36" "-"
210.213.203.227 - - [05/Sep/2024:05:50:06 +0000] "GET /en/home/getcaptchaimage?formCaptcha=Footer_Form&v1 HTTP/2.0" 200 9806 "https://ronixtools.com/en/product/hvlp-electric-spray-gun-650w-1365/" "Mozilla/5.0 (Linux; Android 10; K) AppleWebKit/537.36 (KHTML, like Gecko) Chrome/128.0.0.0 Mobile Safari/537.36" "-"
210.213.203.227 - - [05/Sep/2024:05:50:06 +0000] "GET /en/home/getcaptchaimage?formCaptcha=replyForm&v1 HTTP/2.0" 200 10616 "https://ronixtools.com/en/product/hvlp-electric-spray-gun-650w-1365/" "Mozilla/5.0 (Linux; Android 10; K) AppleWebKit/537.36 (KHTML, like Gecko) Chrome/128.0.0.0 Mobile Safari/537.36" "-"
10.1.16.126 - ronixdev [05/Sep/2024:05:50:11 +0000] "GET /api/GenerateSitemapAPI/GenerateCategoriesSitemap HTTP/1.1" 400 0 "-" "-" "-"
10.1.16.126 - ronixdev [05/Sep/2024:05:50:11 +0000] "GET /api/GenerateSitemapAPI/GenerateProductsSitemap HTTP/1.1" 400 0 "-" "-" "-"
10.1.16.126 - ronixdev [05/Sep/2024:05:50:12 +0000] "GET /api/GenerateSitemapAPI/GenerateImagesSitemap HTTP/1.1" 400 0 "-" "-" "-"
10.1.16.126 - ronixdev [05/Sep/2024:05:50:12 +0000] "GET /api/GenerateSitemapAPI/GenerateLocationLandingSitemap HTTP/1.1" 400 0 "-" "-" "-"
10.1.16.126 - ronixdev [05/Sep/2024:05:50:13 +0000] "GET /api/GenerateSitemapAPI/GenerateProfessionLandingSitemap HTTP/1.1" 400 0 "-" "-" "-"
10.1.16.126 - ronixdev [05/Sep/2024:05:50:13 +0000] "GET /api/GenerateSitemapAPI/GenerateCategoriesSitemapMongoDB HTTP/1.1" 200 0 "-" "-" "-"
10.1.16.126 - ronixdev [05/Sep/2024:05:50:14 +0000] "GET /api/GenerateSitemapAPI/GenerateProductsSitemapMongoDB HTTP/1.1" 200 0 "-" "-" "-"
10.1.16.126 - ronixdev [05/Sep/2024:05:50:15 +0000] "GET /api/GenerateSitemapAPI/GenerateImagesSitemapMongoDB HTTP/1.1" 200 0 "-" "-" "-"
10.1.16.126 - ronixdev [05/Sep/2024:05:50:15 +0000] "GET /api/GenerateSitemapAPI/GenerateLandingSitemapMongoDB HTTP/1.1" 200 0 "-" "-" "-"
10.1.16.126 - ronixdev [05/Sep/2024:05:50:16 +0000] "GET /api/GenerateSitemapAPI/GenerateGeneralSitemapMongoDB HTTP/1.1" 200 0 "-" "-" "-"
216.245.221.83 - - [05/Sep/2024:05:50:18 +0000] "HEAD / HTTP/1.1" 301 0 "https://ronixtools.com/" "Mozilla/5.0+(compatible; UptimeRobot/2.0; http://www.uptimerobot.com/)" "-"
210.213.203.227 - - [05/Sep/2024:05:50:18 +0000] "GET /en/product/electric-spray-gun-130w-1313/ HTTP/2.0" 200 38421 "https://www.google.com/" "Mozilla/5.0 (Linux; Android 10; K) AppleWebKit/537.36 (KHTML, like Gecko) Chrome/128.0.0.0 Mobile Safari/537.36" "-"
216.245.221.83 - - [05/Sep/2024:05:50:19 +0000] "HEAD /en/ HTTP/1.1" 200 0 "https://ronixtools.com/" "Mozilla/5.0+(compatible; UptimeRobot/2.0; http://www.uptimerobot.com/)" "-"
52.167.144.188 - - [05/Sep/2024:05:50:24 +0000] "GET /es/power-tools/pressure-washers/ HTTP/2.0" 200 41316 "-" "Mozilla/5.0 AppleWebKit/537.36 (KHTML, like Gecko; compatible; bingbot/2.0; +http://www.bing.com/bingbot.htm) Chrome/116.0.1938.76 Safari/537.36" "-"
57.141.0.24 - - [05/Sep/2024:05:50:25 +0000] "GET /en/product/sds-plus-drill-bit-12-160-rh-5924/ HTTP/2.0" 200 294253 "-" "facebookexternalhit/1.1 (+http://www.facebook.com/externalhit_uatext.php)" "-"
66.249.66.163 - - [05/Sep/2024:05:50:27 +0000] "GET /es/blog/category/trabajos/ HTTP/1.1" 200 11404 "-" "Mozilla/5.0 (compatible; Googlebot/2.1; +http://www.google.com/bot.html)" "-"
66.249.76.38 - - [05/Sep/2024:05:50:29 +0000] "GET /es/blog/wp-content/themes/Ronix%20mag/assets/dist/css/safedesign.min.css?ver=4.0.0 HTTP/1.1" 200 7044 "https://ronixtools.com/es/blog/category/trabajos/" "Mozilla/5.0 AppleWebKit/537.36 (KHTML, like Gecko; compatible; Googlebot/2.1; +http://www.google.com/bot.html) Chrome/127.0.6533.99 Safari/537.36" "-"
66.249.66.163 - - [05/Sep/2024:05:50:29 +0000] "GET /es/blog/wp-content/plugins/kk-star-ratings/src/core/public/js/kk-star-ratings.min.js?ver=5.4.8 HTTP/1.1" 200 753 "https://ronixtools.com/es/blog/category/trabajos/" "Mozilla/5.0 AppleWebKit/537.36 (KHTML, like Gecko; compatible; Googlebot/2.1; +http://www.google.com/bot.html) Chrome/127.0.6533.99 Safari/537.36" "-"
216.144.248.22 - - [05/Sep/2024:05:50:32 +0000] "GET / HTTP/1.1" 301 0 "https://ronixtools.com" "Mozilla/5.0+(compatible; UptimeRobot/2.0; http://www.uptimerobot.com/)" "-"
216.144.248.22 - - [05/Sep/2024:05:50:33 +0000] "GET /en/ HTTP/1.1" 200 42847 "https://ronixtools.com" "Mozilla/5.0+(compatible; UptimeRobot/2.0; http://www.uptimerobot.com/)" "-"
10.1.16.2 - - [05/Sep/2024:05:50:33 +0000] "GET /swagger HTTP/1.1" 301 0 "-" "-" "-"
10.1.16.2 - - [05/Sep/2024:05:50:33 +0000] "GET /swagger/index.html HTTP/1.1" 200 4778 "-" "-" "-"
27.59.125.167 - - [05/Sep/2024:05:50:34 +0000] "GET /en/blog/wp-content/uploads/2021/12/6-electric-motor-1.webp HTTP/2.0" 200 40346 "-" "Dalvik/2.1.0 (Linux; U; Android 14; CPH2619 Build/UP1A.231005.007)" "-"
57.141.0.5 - - [05/Sep/2024:05:50:41 +0000] "GET /en/product/electric-hoist-rh-4133/ HTTP/2.0" 200 278032 "-" "facebookexternalhit/1.1 (+http://www.facebook.com/externalhit_uatext.php)" "-"
69.171.230.33 - - [05/Sep/2024:05:50:42 +0000] "GET /en/product/combination-plier-8-inch-wolf-model/ HTTP/2.0" 200 250325 "-" "facebookexternalhit/1.1 (+http://www.facebook.com/externalhit_uatext.php)" "-"
173.252.83.62 - - [05/Sep/2024:05:50:44 +0000] "GET /en/blog/hardware-store-inventory-software/ HTTP/2.0" 200 94828 "-" "facebookexternalhit/1.1 (+http://www.facebook.com/externalhit_uatext.php)" "-"
66.249.76.37 - - [05/Sep/2024:05:50:45 +0000] "GET /en/blog/category/uncategorized/ HTTP/1.1" 200 8622 "-" "Mozilla/5.0 (compatible; Googlebot/2.1; +http://www.google.com/bot.html)" "-"
66.249.76.37 - - [05/Sep/2024:05:50:50 +0000] "GET /tr/news/avuc-taslama-makineleri-hakkinda-bilmeniz-gerekenler/amp/ HTTP/1.1" 301 169 "-" "Mozilla/5.0 (Linux; Android 6.0.1; Nexus 5X Build/MMB29P) AppleWebKit/537.36 (KHTML, like Gecko) Chrome/128.0.6613.113 Mobile Safari/537.36 (compatible; Googlebot/2.1; +http://www.google.com/bot.html)" "-"
57.141.0.11 - - [05/Sep/2024:05:50:53 +0000] "GET /en/product/tool-bag-handy-model-rh-9111/ HTTP/2.0" 200 244615 "-" "facebookexternalhit/1.1 (+http://www.facebook.com/externalhit_uatext.php)" "-"
66.249.76.37 - - [05/Sep/2024:05:50:53 +0000] "GET /en/blog/use-of-hand-tools-in-metal-working/?utm_source=PR-EUR-EN-EP-V1/and/utm_medium=profile/and/utm_campaign=sales HTTP/1.1" 200 22559 "-" "Mozilla/5.0 (Linux; Android 6.0.1; Nexus 5X Build/MMB29P) AppleWebKit/537.36 (KHTML, like Gecko) Chrome/128.0.6613.113 Mobile Safari/537.36 (compatible; Googlebot/2.1; +http://www.google.com/bot.html)" "-"
5.161.90.140 - - [05/Sep/2024:05:50:54 +0000] "GET /en/blog/best-plumbing-tools/ HTTP/1.1" 200 22955 "-" "Mozilla/5.0 (Windows NT 10.0; Win64; x64) AppleWebKit/537.36 (KHTML, like Gecko) Chrome/84.0.4147.105 Safari/537.36" "-"
40.77.190.37 - - [05/Sep/2024:05:51:00 +0000] "GET /en/blog/wp-content/uploads/2021/04/2-1.webp HTTP/2.0" 200 31628 "-" "Mozilla/5.0 AppleWebKit/537.36 (KHTML, like Gecko; compatible; bingbot/2.0; +http://www.bing.com/bingbot.htm) Chrome/100.0.4896.127 Safari/537.36" "-"
5.160.13.226 - - [05/Sep/2024:05:51:00 +0000] "GET / HTTP/1.1" 301 0 "-" "-" "-"
5.160.13.226 - - [05/Sep/2024:05:51:01 +0000] "GET /en/ HTTP/1.1" 200 323659 "-" "-" "-"
10.100.8.5 - - [05/Sep/2024:05:51:03 +0000] "POST /ru/blog/wp-cron.php?doing_wp_cron=1725515463.8554799556732177734375 HTTP/1.1" 200 31 "-" "WordPress/6.6.1; https://ronixtools.com/ru/blog" "-"
66.249.66.162 - - [05/Sep/2024:05:51:03 +0000] "GET /ru/blog/ HTTP/1.1" 200 11735 "-" "Mozilla/5.0 (compatible; Googlebot/2.1; +http://www.google.com/bot.html)" "-"
66.249.66.161 - - [05/Sep/2024:05:51:05 +0000] "GET /en/blog/wp-content/themes/Ronix%20mag/assets/js/loadmoreposts.js?ver=20131205 HTTP/1.1" 200 496 "https://ronixtools.com/en/blog/use-of-hand-tools-in-metal-working/?utm_source=PR-EUR-EN-EP-V1/and/utm_medium=profile/and/utm_campaign=sales" "Mozilla/5.0 (Linux; Android 6.0.1; Nexus 5X Build/MMB29P) AppleWebKit/537.36 (KHTML, like Gecko) Chrome/127.0.6533.99 Mobile Safari/537.36 (compatible; Googlebot/2.1; +http://www.google.com/bot.html)" "-"
66.249.76.38 - - [05/Sep/2024:05:51:06 +0000] "GET /ru/blog/wp-content/uploads/2023/07/01-mp4-websize.webm HTTP/1.1" 206 746840 "https://ronixtools.com/ru/blog/" "Mozilla/5.0 AppleWebKit/537.36 (KHTML, like Gecko; compatible; Googlebot/2.1; +http://www.google.com/bot.html) Chrome/127.0.6533.99 Safari/537.36" "-"
51.222.253.3 - - [05/Sep/2024:05:51:07 +0000] "GET /de/product/analogue-mini-compressor-rh-4263?Code=RH-4263 HTTP/2.0" 301 0 "-" "Mozilla/5.0 (compatible; AhrefsBot/7.0; +http://ahrefs.com/robot/)" "-"
52.167.144.187 - - [05/Sep/2024:05:51:12 +0000] "GET /es/power%20tools/rotary-demolition-hammers?page=2 HTTP/2.0" 301 0 "-" "Mozilla/5.0 AppleWebKit/537.36 (KHTML, like Gecko; compatible; bingbot/2.0; +http://www.bing.com/bingbot.htm) Chrome/116.0.1938.76 Safari/537.36" "-"
10.1.16.126 - ronixdev [05/Sep/2024:05:51:16 +0000] "GET /api/GenerateSitemapAPI/GenerateCategoriesSitemap HTTP/1.1" 400 0 "-" "-" "-"
10.1.16.126 - ronixdev [05/Sep/2024:05:51:17 +0000] "GET /api/GenerateSitemapAPI/GenerateProductsSitemap HTTP/1.1" 400 0 "-" "-" "-"
47.128.21.109 - - [05/Sep/2024:05:51:17 +0000] "GET /fr/blog/wp-content/uploads/2021/12/Ronix-cordless-dril-driver.jpg HTTP/2.0" 206 500 "https://www.youlosophy.de/" "Mozilla/5.0 (Linux; Android 5.0) AppleWebKit/537.36 (KHTML, like Gecko) Mobile Safari/537.36 (compatible; Bytespider; spider-feedback@bytedance.com)" "-"
10.1.16.126 - ronixdev [05/Sep/2024:05:51:17 +0000] "GET /api/GenerateSitemapAPI/GenerateImagesSitemap HTTP/1.1" 400 0 "-" "-" "-"
10.1.16.126 - ronixdev [05/Sep/2024:05:51:18 +0000] "GET /api/GenerateSitemapAPI/GenerateLocationLandingSitemap HTTP/1.1" 400 0 "-" "-" "-"
10.1.16.126 - ronixdev [05/Sep/2024:05:51:18 +0000] "GET /api/GenerateSitemapAPI/GenerateProfessionLandingSitemap HTTP/1.1" 400 0 "-" "-" "-"
10.1.16.126 - ronixdev [05/Sep/2024:05:51:18 +0000] "GET /api/GenerateSitemapAPI/GenerateCategoriesSitemapMongoDB HTTP/1.1" 200 0 "-" "-" "-"
218.73.74.97 - - [05/Sep/2024:05:51:19 +0000] "GET /en/blog/wp-content/uploads/2023/07/ESAB-Lincoln-and-Ronix-welding-machines.webp HTTP/2.0" 200 112036 "https://www.google.com/" "Mozilla/5.0 (Windows NT 10.0; Win64; x64) AppleWebKit/537.36 (KHTML, like Gecko) Chrome/109.0.0.0 Safari/537.36" "-"
10.1.16.126 - ronixdev [05/Sep/2024:05:51:19 +0000] "GET /api/GenerateSitemapAPI/GenerateProductsSitemapMongoDB HTTP/1.1" 200 0 "-" "-" "-"
5.160.13.226 - - [05/Sep/2024:05:51:20 +0000] "GET /en/blog HTTP/1.1" 301 185 "-" "-" "-"
152.58.100.123 - - [05/Sep/2024:05:51:20 +0000] "GET /en/blog/wp-content/uploads/2023/09/ronix-showroom.jpg HTTP/2.0" 200 99091 "https://www.google.com/" "Mozilla/5.0 (Linux; Android 14; I2019 Build/UP1A.231005.007; wv) AppleWebKit/537.36 (KHTML, like Gecko) Version/4.0 Chrome/127.0.6533.103 Mobile Safari/537.36 GoogleApp/15.35.39.28.arm64" "-"
10.1.16.126 - ronixdev [05/Sep/2024:05:51:20 +0000] "GET /api/GenerateSitemapAPI/GenerateImagesSitemapMongoDB HTTP/1.1" 200 0 "-" "-" "-"
5.160.13.226 - - [05/Sep/2024:05:51:20 +0000] "GET /en/blog/ HTTP/1.1" 200 65561 "-" "-" "-"
10.1.16.126 - ronixdev [05/Sep/2024:05:51:21 +0000] "GET /api/GenerateSitemapAPI/GenerateLandingSitemapMongoDB HTTP/1.1" 200 0 "-" "-" "-"
51.222.253.8 - - [05/Sep/2024:05:51:21 +0000] "GET /ir/product/1-2-dr-single-socket-14mm-rh-2666/ HTTP/2.0" 301 169 "-" "Mozilla/5.0 (compatible; AhrefsBot/7.0; +http://ahrefs.com/robot/)" "-"
57.141.0.7 - - [05/Sep/2024:05:51:21 +0000] "GET /en/product/hacksaw-metal-art-rh-3600/ HTTP/2.0" 200 246376 "-" "facebookexternalhit/1.1 (+http://www.facebook.com/externalhit_uatext.php)" "-"
10.1.16.126 - ronixdev [05/Sep/2024:05:51:21 +0000] "GET /api/GenerateSitemapAPI/GenerateGeneralSitemapMongoDB HTTP/1.1" 200 0 "-" "-" "-"
57.141.0.16 - - [05/Sep/2024:05:51:23 +0000] "GET /en/product/lever-hoist-rh-4110/ HTTP/2.0" 200 260979 "-" "facebookexternalhit/1.1 (+http://www.facebook.com/externalhit_uatext.php)" "-"
218.73.74.97 - - [05/Sep/2024:05:51:27 +0000] "GET /en/blog/best-welding-machine/ HTTP/2.0" 499 0 "https://www.google.com/" "Mozilla/5.0 (Windows NT 10.0; Win64; x64) AppleWebKit/537.36 (KHTML, like Gecko) Chrome/109.0.0.0 Safari/537.36" "-"
40.77.190.84 - - [05/Sep/2024:05:51:28 +0000] "GET /en/blog/wp-content/uploads/2020/11/Cover-brushles-brushed.webp HTTP/2.0" 200 50996 "-" "Mozilla/5.0 AppleWebKit/537.36 (KHTML, like Gecko; compatible; bingbot/2.0; +http://www.bing.com/bingbot.htm) Chrome/100.0.4896.127 Safari/537.36" "-"
66.249.66.162 - - [05/Sep/2024:05:51:30 +0000] "GET /img/media/products/ra-1201/manual-638592218973056353.pdf HTTP/1.1" 200 424936 "-" "Mozilla/5.0 (Linux; Android 6.0.1; Nexus 5X Build/MMB29P) AppleWebKit/537.36 (KHTML, like Gecko) Chrome/128.0.6613.113 Mobile Safari/537.36 (compatible; GoogleOther)" "-"
72.14.201.151 - - [05/Sep/2024:05:51:40 +0000] "GET /en/blog/key-parts-of-an-angle-grinder/ HTTP/2.0" 200 23995 "https://www.google.com/" "Mozilla/5.0 (Linux; Android 10; K) AppleWebKit/537.36 (KHTML, like Gecko) Chrome/128.0.0.0 Mobile Safari/537.36" "-"
152.59.109.243 - - [05/Sep/2024:05:51:44 +0000] "GET /img/media/products/rh-4260b/original-637605740960061518.webp HTTP/2.0" 200 31992 "-" "Mozilla/5.0 (Macintosh; Intel Mac OS X 10_15_7) AppleWebKit/537.36 (KHTML, like Gecko) Chrome/124.0.0.0 Safari/537.36" "-"
49.0.206.9 - - [05/Sep/2024:05:51:45 +0000] "GET /en/power-tools/grass-cutters/lawn-mower/ HTTP/2.0" 200 34682 "-" "Mozilla/5.0 (Windows NT 10.0; Win64; x64) AppleWebKit/537.36 (KHTML, like Gecko) Chrome/107.0.0.0 Safari/537.36" "-"
10.1.16.2 - - [05/Sep/2024:05:51:46 +0000] "GET /swagger HTTP/1.1" 301 0 "-" "-" "-"
10.1.16.2 - - [05/Sep/2024:05:51:46 +0000] "GET /swagger/index.html HTTP/1.1" 200 4778 "-" "-" "-"
57.141.0.21 - - [05/Sep/2024:05:51:48 +0000] "GET /en/product/26-mm-rotary-hammer-2725/ HTTP/2.0" 200 276625 "-" "facebookexternalhit/1.1 (+http://www.facebook.com/externalhit_uatext.php)" "-"
5.160.13.226 - - [05/Sep/2024:05:51:48 +0000] "GET /en/power-tools HTTP/1.1" 301 0 "-" "-" "-"
66.249.76.37 - - [05/Sep/2024:05:51:55 +0000] "GET /es/blog/mejores-soldadoras-inverter-profesionales/ HTTP/1.1" 200 18331 "-" "Mozilla/5.0 (Linux; Android 6.0.1; Nexus 5X Build/MMB29P) AppleWebKit/537.36 (KHTML, like Gecko) Chrome/128.0.6613.113 Mobile Safari/537.36 (compatible; Googlebot/2.1; +http://www.google.com/bot.html)" "-"
66.249.66.161 - - [05/Sep/2024:05:51:55 +0000] "GET /img/media/products/1206v/manual-637566727578369586.pdf?utm_source=PR-EUR-EN-EP-V1/and/utm_medium=profile/and/utm_campaign=sales HTTP/1.1" 304 0 "-" "Mozilla/5.0 (Linux; Android 6.0.1; Nexus 5X Build/MMB29P) AppleWebKit/537.36 (KHTML, like Gecko) Chrome/128.0.6613.113 Mobile Safari/537.36 (compatible; Googlebot/2.1; +http://www.google.com/bot.html)" "-"
69.171.249.6 - - [05/Sep/2024:05:51:57 +0000] "GET /en/blog/wp-content/uploads/2024/01/2-best-axes-in-11-categories.webp HTTP/2.0" 200 105248 "http://abaricom.co.mz/index.php/to-Split-Wood-Without-an-Axe-Video-Walkthrough-4874352.html" "facebookexternalhit/1.1" "-"
173.252.107.116 - - [05/Sep/2024:05:52:00 +0000] "GET /en/product/safety-glass-rh-9027/ HTTP/2.0" 200 254703 "-" "facebookexternalhit/1.1 (+http://www.facebook.com/externalhit_uatext.php)" "-"
57.141.0.12 - - [05/Sep/2024:05:52:02 +0000] "GET /en/product/screwdriver-3-750mm-slotted-rh-2734/ HTTP/2.0" 200 245506 "-" "facebookexternalhit/1.1 (+http://www.facebook.com/externalhit_uatext.php)" "-"
69.171.230.114 - - [05/Sep/2024:05:52:04 +0000] "GET /en/product/air-die-grinder-kit-16pcs/ HTTP/2.0" 200 226548 "-" "facebookexternalhit/1.1 (+http://www.facebook.com/externalhit_uatext.php)" "-"
172.71.210.152 - - [05/Sep/2024:05:52:04 +0000] "GET /en/product/compact-pressure-washer-100-bar-rp-0101c/ HTTP/2.0" 200 39292 "-" "Mozilla/5.0 (X11; Linux x86_64) AppleWebKit/537.36 (KHTML, like Gecko) Chrome/83.0.4103.7 Safari/537.36" "2a06:98c0:3600::103"
156.59.198.136 - - [05/Sep/2024:05:52:05 +0000] "GET /img/media/products/rh-4952/search-thumb-638605148315954187.webp HTTP/2.0" 200 3104 "-" "Mozilla/5.0 (Linux; Android 5.0) AppleWebKit/537.36 (KHTML, like Gecko) Mobile Safari/537.36 (compatible; Bytespider; spider-feedback@bytedance.com)" "-"
69.171.249.12 - - [05/Sep/2024:05:52:05 +0000] "GET /en/power-tools/electric-saws/pole-saw/ HTTP/2.0" 200 217873 "-" "facebookexternalhit/1.1 (+http://www.facebook.com/externalhit_uatext.php)" "-"
5.160.13.226 - - [05/Sep/2024:05:52:05 +0000] "GET /en/power-tools/ HTTP/1.1" 200 364396 "-" "-" "-"
5.160.13.226 - - [05/Sep/2024:05:52:06 +0000] "GET /en/product/hvlp-electric-spray-gun-650w-1365 HTTP/1.1" 301 0 "-" "-" "-"
5.160.13.226 - - [05/Sep/2024:05:52:06 +0000] "GET /en/product/hvlp-electric-spray-gun-650w-1365/ HTTP/1.1" 200 311588 "-" "-" "-"
69.171.230.19 - - [05/Sep/2024:05:52:07 +0000] "GET /en/product/20v-brushless-cordless-impact-wrench-1-2-inch-3-4-inch/ HTTP/2.0" 200 249563 "-" "meta-externalagent/1.1 (+https://developers.facebook.com/docs/sharing/webmasters/crawler)" "-"
57.141.0.10 - - [05/Sep/2024:05:52:09 +0000] "GET /en/power-tools/pneumatic-tools/air-screwdriver/ HTTP/2.0" 200 246402 "-" "facebookexternalhit/1.1 (+http://www.facebook.com/externalhit_uatext.php)" "-"
162.158.114.47 - - [05/Sep/2024:05:52:10 +0000] "GET /en/product/compact-pressure-washer-100-bar-rp-0101c/ HTTP/2.0" 200 39284 "-" "Mozilla/5.0 (X11; Linux x86_64) AppleWebKit/537.36 (KHTML, like Gecko) Chrome/83.0.4103.7 Safari/537.36" "2a06:98c0:3600::103"
57.141.0.16 - - [05/Sep/2024:05:52:10 +0000] "GET /en/product/universal-pressure-washer-110-bar-rp-u111/ HTTP/2.0" 200 292528 "-" "facebookexternalhit/1.1 (+http://www.facebook.com/externalhit_uatext.php)" "-"
57.141.0.26 - - [05/Sep/2024:05:52:11 +0000] "GET /en/product/1-2-dr-single-socket-27mm-rh-2679/ HTTP/2.0" 200 256878 "-" "facebookexternalhit/1.1 (+http://www.facebook.com/externalhit_uatext.php)" "-"
36.252.213.159 - - [05/Sep/2024:05:52:13 +0000] "GET /en/product/400a-dc-arc-welding-inverter/ HTTP/2.0" 200 37752 "-" "Mozilla/5.0 (Linux; Android 10; K) AppleWebKit/537.36 (KHTML, like Gecko) Chrome/128.0.0.0 Mobile Safari/537.36" "-"
5.160.13.226 - - [05/Sep/2024:05:52:14 +0000] "GET / HTTP/1.1" 301 0 "-" "-" "-"
57.141.0.17 - - [05/Sep/2024:05:52:14 +0000] "GET /en/product/combination-spanner-46mm-rh-2146/ HTTP/2.0" 200 247371 "-" "facebookexternalhit/1.1 (+http://www.facebook.com/externalhit_uatext.php)" "-"
5.160.13.226 - - [05/Sep/2024:05:52:14 +0000] "GET /en/ HTTP/1.1" 200 323659 "-" "-" "-"
57.141.0.16 - - [05/Sep/2024:05:52:16 +0000] "GET /en/product/mini-angel-grinder-115mm-710w-3150/ HTTP/2.0" 200 255066 "-" "facebookexternalhit/1.1 (+http://www.facebook.com/externalhit_uatext.php)" "-"
36.252.213.159 - - [05/Sep/2024:05:52:16 +0000] "GET /en/product/400a-dc-arc-welding-inverter/ HTTP/2.0" 200 37744 "https://www.google.com/" "Mozilla/5.0 (Linux; Android 10; K) AppleWebKit/537.36 (KHTML, like Gecko) Chrome/128.0.0.0 Mobile Safari/537.36" "-"
36.252.213.159 - - [05/Sep/2024:05:52:16 +0000] "GET /img/media/static-pages/638517924305508725.webp HTTP/2.0" 200 16306 "https://ronixtools.com/en/product/400a-dc-arc-welding-inverter/" "Mozilla/5.0 (Linux; Android 10; K) AppleWebKit/537.36 (KHTML, like Gecko) Chrome/128.0.0.0 Mobile Safari/537.36" "-"
36.252.213.159 - - [05/Sep/2024:05:52:16 +0000] "GET /img/media/static-pages/638517984773235874.webp HTTP/2.0" 200 17082 "https://ronixtools.com/en/product/400a-dc-arc-welding-inverter/" "Mozilla/5.0 (Linux; Android 10; K) AppleWebKit/537.36 (KHTML, like Gecko) Chrome/128.0.0.0 Mobile Safari/537.36" "-"
36.252.213.159 - - [05/Sep/2024:05:52:16 +0000] "GET /img/media/static-pages/638517929400452391.webp HTTP/2.0" 200 19130 "https://ronixtools.com/en/product/400a-dc-arc-welding-inverter/" "Mozilla/5.0 (Linux; Android 10; K) AppleWebKit/537.36 (KHTML, like Gecko) Chrome/128.0.0.0 Mobile Safari/537.36" "-"
36.252.213.159 - - [05/Sep/2024:05:52:16 +0000] "GET /img/media/categories/menu-icons/638456642567537191.svg HTTP/2.0" 200 2519 "https://ronixtools.com/en/product/400a-dc-arc-welding-inverter/" "Mozilla/5.0 (Linux; Android 10; K) AppleWebKit/537.36 (KHTML, like Gecko) Chrome/128.0.0.0 Mobile Safari/537.36" "-"
36.252.213.159 - - [05/Sep/2024:05:52:16 +0000] "GET /img/media/categories/menu-icons/638456642623695080.svg HTTP/2.0" 200 1623 "https://ronixtools.com/en/product/400a-dc-arc-welding-inverter/" "Mozilla/5.0 (Linux; Android 10; K) AppleWebKit/537.36 (KHTML, like Gecko) Chrome/128.0.0.0 Mobile Safari/537.36" "-"
36.252.213.159 - - [05/Sep/2024:05:52:16 +0000] "GET /img/media/static-pages/638517934728567654.webp HTTP/2.0" 200 37368 "https://ronixtools.com/en/product/400a-dc-arc-welding-inverter/" "Mozilla/5.0 (Linux; Android 10; K) AppleWebKit/537.36 (KHTML, like Gecko) Chrome/128.0.0.0 Mobile Safari/537.36" "-"
36.252.213.159 - - [05/Sep/2024:05:52:16 +0000] "GET /img/media/categories/menu-icons/638456642577569698.svg HTTP/2.0" 200 1602 "https://ronixtools.com/en/product/400a-dc-arc-welding-inverter/" "Mozilla/5.0 (Linux; Android 10; K) AppleWebKit/537.36 (KHTML, like Gecko) Chrome/128.0.0.0 Mobile Safari/537.36" "-"
36.252.213.159 - - [05/Sep/2024:05:52:16 +0000] "GET /img/media/static-pages/638517920895555828.webp HTTP/2.0" 200 55278 "https://ronixtools.com/en/product/400a-dc-arc-welding-inverter/" "Mozilla/5.0 (Linux; Android 10; K) AppleWebKit/537.36 (KHTML, like Gecko) Chrome/128.0.0.0 Mobile Safari/537.36" "-"
36.252.213.159 - - [05/Sep/2024:05:52:17 +0000] "GET /img/media/static-pages/638517920895555828.webp HTTP/2.0" 200 55278 "https://ronixtools.com/en/product/400a-dc-arc-welding-inverter/" "Mozilla/5.0 (Linux; Android 10; K) AppleWebKit/537.36 (KHTML, like Gecko) Chrome/128.0.0.0 Mobile Safari/537.36" "-"
36.252.213.159 - - [05/Sep/2024:05:52:17 +0000] "GET /img/media/categories/menu-icons/638456642567537191.svg HTTP/2.0" 200 2519 "https://ronixtools.com/en/product/400a-dc-arc-welding-inverter/" "Mozilla/5.0 (Linux; Android 10; K) AppleWebKit/537.36 (KHTML, like Gecko) Chrome/128.0.0.0 Mobile Safari/537.36" "-"
36.252.213.159 - - [05/Sep/2024:05:52:17 +0000] "GET /img/media/categories/menu-icons/638456642577569698.svg HTTP/2.0" 200 1602 "https://ronixtools.com/en/product/400a-dc-arc-welding-inverter/" "Mozilla/5.0 (Linux; Android 10; K) AppleWebKit/537.36 (KHTML, like Gecko) Chrome/128.0.0.0 Mobile Safari/537.36" "-"
57.141.0.5 - - [05/Sep/2024:05:52:19 +0000] "GET /en/tool-accessories/bits/?page=3 HTTP/2.0" 200 312219 "-" "facebookexternalhit/1.1 (+http://www.facebook.com/externalhit_uatext.php)" "-"
52.167.144.187 - - [05/Sep/2024:05:52:21 +0000] "GET /es/product/caulking-gun-9-800n-0-6mm-industrial-usage-rh-4005?Code=RH-4005 HTTP/2.0" 301 0 "-" "Mozilla/5.0 AppleWebKit/537.36 (KHTML, like Gecko; compatible; bingbot/2.0; +http://www.bing.com/bingbot.htm) Chrome/116.0.1938.76 Safari/537.36" "-"
10.1.16.126 - ronixdev [05/Sep/2024:05:52:21 +0000] "GET /api/GenerateSitemapAPI/GenerateCategoriesSitemap HTTP/1.1" 400 0 "-" "-" "-"
10.1.16.126 - ronixdev [05/Sep/2024:05:52:22 +0000] "GET /api/GenerateSitemapAPI/GenerateProductsSitemap HTTP/1.1" 400 0 "-" "-" "-"
10.1.16.126 - ronixdev [05/Sep/2024:05:52:22 +0000] "GET /api/GenerateSitemapAPI/GenerateImagesSitemap HTTP/1.1" 400 0 "-" "-" "-"
172.71.211.52 - - [05/Sep/2024:05:52:23 +0000] "GET /en/product/compact-pressure-washer-100-bar-rp-0101c/ HTTP/2.0" 200 39287 "-" "Mozilla/5.0 (X11; Linux x86_64) AppleWebKit/537.36 (KHTML, like Gecko) Chrome/83.0.4103.7 Safari/537.36" "2a06:98c0:3600::103"
10.1.16.126 - ronixdev [05/Sep/2024:05:52:24 +0000] "GET /api/GenerateSitemapAPI/GenerateLocationLandingSitemap HTTP/1.1" 400 0 "-" "-" "-"
104.28.196.198 - - [05/Sep/2024:05:52:24 +0000] "GET / HTTP/1.1" 301 169 "http://www.ronixtools.com" "Mozilla/5.0 (Linux; Android 6.0; Nexus 5 Build/MRA58N) AppleWebKit/537.36 (KHTML, like Gecko) Chrome/96.0.4664.55 Mobile Safari/537.36" "-"
10.1.16.126 - ronixdev [05/Sep/2024:05:52:25 +0000] "GET /api/GenerateSitemapAPI/GenerateProfessionLandingSitemap HTTP/1.1" 400 0 "-" "-" "-"
10.1.16.126 - ronixdev [05/Sep/2024:05:52:25 +0000] "GET /api/GenerateSitemapAPI/GenerateCategoriesSitemapMongoDB HTTP/1.1" 200 0 "-" "-" "-"
104.28.196.198 - - [05/Sep/2024:05:52:25 +0000] "GET / HTTP/1.1" 301 169 "http://www.ronixtools.com" "Mozilla/5.0 (Linux; Android 6.0; Nexus 5 Build/MRA58N) AppleWebKit/537.36 (KHTML, like Gecko) Chrome/96.0.4664.55 Mobile Safari/537.36" "-"
10.1.16.126 - ronixdev [05/Sep/2024:05:52:26 +0000] "GET /api/GenerateSitemapAPI/GenerateProductsSitemapMongoDB HTTP/1.1" 200 0 "-" "-" "-"
52.167.144.188 - - [05/Sep/2024:05:52:26 +0000] "GET /en/product/long-nose-pliers-8-inch-leo-series-rh-1328/ HTTP/2.0" 200 40419 "-" "Mozilla/5.0 AppleWebKit/537.36 (KHTML, like Gecko; compatible; bingbot/2.0; +http://www.bing.com/bingbot.htm) Chrome/116.0.1938.76 Safari/537.36" "-"
10.1.16.126 - ronixdev [05/Sep/2024:05:52:27 +0000] "GET /api/GenerateSitemapAPI/GenerateImagesSitemapMongoDB HTTP/1.1" 200 0 "-" "-" "-"
36.252.213.159 - - [05/Sep/2024:05:52:27 +0000] "GET /img/media/static-pages/638517929400452391.webp HTTP/2.0" 200 19130 "https://ronixtools.com/en/product/400a-dc-arc-welding-inverter/" "Mozilla/5.0 (Linux; Android 10; K) AppleWebKit/537.36 (KHTML, like Gecko) Chrome/128.0.0.0 Mobile Safari/537.36" "-"
36.252.213.159 - - [05/Sep/2024:05:52:27 +0000] "GET /img/media/static-pages/638517924305508725.webp HTTP/2.0" 200 16306 "https://ronixtools.com/en/product/400a-dc-arc-welding-inverter/" "Mozilla/5.0 (Linux; Android 10; K) AppleWebKit/537.36 (KHTML, like Gecko) Chrome/128.0.0.0 Mobile Safari/537.36" "-"
66.249.66.163 - - [05/Sep/2024:05:52:27 +0000] "GET /es/blog/ HTTP/1.1" 200 11474 "-" "Mozilla/5.0 (compatible; Googlebot/2.1; +http://www.google.com/bot.html)" "-"
36.252.213.159 - - [05/Sep/2024:05:52:27 +0000] "GET /img/media/static-pages/638517934728567654.webp HTTP/2.0" 200 37368 "https://ronixtools.com/en/product/400a-dc-arc-welding-inverter/" "Mozilla/5.0 (Linux; Android 10; K) AppleWebKit/537.36 (KHTML, like Gecko) Chrome/128.0.0.0 Mobile Safari/537.36" "-"
10.1.16.126 - ronixdev [05/Sep/2024:05:52:27 +0000] "GET /api/GenerateSitemapAPI/GenerateLandingSitemapMongoDB HTTP/1.1" 200 0 "-" "-" "-"
104.28.196.198 - - [05/Sep/2024:05:52:28 +0000] "GET / HTTP/1.1" 301 0 "http://www.ronixtools.com" "Mozilla/5.0 (Linux; Android 6.0; Nexus 5 Build/MRA58N) AppleWebKit/537.36 (KHTML, like Gecko) Chrome/96.0.4664.55 Mobile Safari/537.36" "-"
10.1.16.126 - ronixdev [05/Sep/2024:05:52:28 +0000] "GET /api/GenerateSitemapAPI/GenerateGeneralSitemapMongoDB HTTP/1.1" 200 0 "-" "-" "-"
104.28.196.198 - - [05/Sep/2024:05:52:28 +0000] "GET /en/ HTTP/1.1" 200 42850 "http://www.ronixtools.com" "Mozilla/5.0 (Linux; Android 6.0; Nexus 5 Build/MRA58N) AppleWebKit/537.36 (KHTML, like Gecko) Chrome/96.0.4664.55 Mobile Safari/537.36" "-"
190.104.126.66 - - [05/Sep/2024:05:52:29 +0000] "GET /img/media/static-images/fav.ico/apple-icon-180x180.png HTTP/2.0" 200 17214 "https://myactivity.google.com/" "Mozilla/5.0 (Linux; Android 14; RKY-LX3 Build/HONORRKY-L03; wv) AppleWebKit/537.36 (KHTML, like Gecko) Version/4.0 Chrome/127.0.6533.103 Mobile Safari/537.36 OcIdWebView ({\x22os\x22:\x22Android\x22,\x22osVersion\x22:\x2234\x22,\x22app\x22:\x22com.google.android.gms\x22,\x22appVersion\x22:\x22219\x22,\x22style\x22:2,\x22isDarkTheme\x22:true})" "-"
190.104.126.66 - - [05/Sep/2024:05:52:29 +0000] "GET /img/media/products/rh-4728/original-638047983919972536.webp HTTP/2.0" 200 34840 "https://myactivity.google.com/" "Mozilla/5.0 (Linux; Android 14; RKY-LX3 Build/HONORRKY-L03; wv) AppleWebKit/537.36 (KHTML, like Gecko) Version/4.0 Chrome/127.0.6533.103 Mobile Safari/537.36 OcIdWebView ({\x22os\x22:\x22Android\x22,\x22osVersion\x22:\x2234\x22,\x22app\x22:\x22com.google.android.gms\x22,\x22appVersion\x22:\x22219\x22,\x22style\x22:2,\x22isDarkTheme\x22:true})" "-"
36.252.213.159 - - [05/Sep/2024:05:52:29 +0000] "GET /img/media/static-pages/638517984773235874.webp HTTP/2.0" 200 17082 "https://ronixtools.com/en/product/400a-dc-arc-welding-inverter/" "Mozilla/5.0 (Linux; Android 10; K) AppleWebKit/537.36 (KHTML, like Gecko) Chrome/128.0.0.0 Mobile Safari/537.36" "-"
36.252.213.159 - - [05/Sep/2024:05:52:29 +0000] "GET /img/media/categories/menu-icons/638456642623695080.svg HTTP/2.0" 200 1623 "https://ronixtools.com/en/product/400a-dc-arc-welding-inverter/" "Mozilla/5.0 (Linux; Android 10; K) AppleWebKit/537.36 (KHTML, like Gecko) Chrome/128.0.0.0 Mobile Safari/537.36" "-"
36.252.213.159 - - [05/Sep/2024:05:52:29 +0000] "GET /img/media/categories/menu-icons/638456642666641390.svg HTTP/2.0" 200 1581 "https://ronixtools.com/en/product/400a-dc-arc-welding-inverter/" "Mozilla/5.0 (Linux; Android 10; K) AppleWebKit/537.36 (KHTML, like Gecko) Chrome/128.0.0.0 Mobile Safari/537.36" "-"
36.252.213.159 - - [05/Sep/2024:05:52:29 +0000] "GET /img/media/categories/menu-icons/638456642755577242.svg HTTP/2.0" 200 5454 "https://ronixtools.com/en/product/400a-dc-arc-welding-inverter/" "Mozilla/5.0 (Linux; Android 10; K) AppleWebKit/537.36 (KHTML, like Gecko) Chrome/128.0.0.0 Mobile Safari/537.36" "-"
36.252.213.159 - - [05/Sep/2024:05:52:29 +0000] "GET /img/media/categories/menu-icons/638456642725433080.svg HTTP/2.0" 200 1774 "https://ronixtools.com/en/product/400a-dc-arc-welding-inverter/" "Mozilla/5.0 (Linux; Android 10; K) AppleWebKit/537.36 (KHTML, like Gecko) Chrome/128.0.0.0 Mobile Safari/537.36" "-"
66.249.66.162 - - [05/Sep/2024:05:52:29 +0000] "GET /es/blog/wp-content/plugins/add-to-any/addtoany.min.css?ver=1.16 HTTP/1.1" 200 546 "https://ronixtools.com/es/blog/" "Mozilla/5.0 AppleWebKit/537.36 (KHTML, like Gecko; compatible; Googlebot/2.1; +http://www.google.com/bot.html) Chrome/127.0.6533.99 Safari/537.36" "-"
36.252.213.159 - - [05/Sep/2024:05:52:29 +0000] "GET /img/media/categories/menu-icons/638456642769786799.svg HTTP/2.0" 200 2011 "https://ronixtools.com/en/product/400a-dc-arc-welding-inverter/" "Mozilla/5.0 (Linux; Android 10; K) AppleWebKit/537.36 (KHTML, like Gecko) Chrome/128.0.0.0 Mobile Safari/537.36" "-"
69.171.230.32 - - [05/Sep/2024:05:52:30 +0000] "GET /en/product/abrasive-cloth-p80/ HTTP/2.0" 200 255708 "-" "facebookexternalhit/1.1 (+http://www.facebook.com/externalhit_uatext.php)" "-"
36.252.213.159 - - [05/Sep/2024:05:52:31 +0000] "GET /img/media/categories/menu-icons/638456642820509977.svg HTTP/2.0" 200 1522 "https://ronixtools.com/en/product/400a-dc-arc-welding-inverter/" "Mozilla/5.0 (Linux; Android 10; K) AppleWebKit/537.36 (KHTML, like Gecko) Chrome/128.0.0.0 Mobile Safari/537.36" "-"
36.252.213.159 - - [05/Sep/2024:05:52:31 +0000] "GET /img/media/categories/menu-icons/638456642836460181.svg HTTP/2.0" 200 2436 "https://ronixtools.com/en/product/400a-dc-arc-welding-inverter/" "Mozilla/5.0 (Linux; Android 10; K) AppleWebKit/537.36 (KHTML, like Gecko) Chrome/128.0.0.0 Mobile Safari/537.36" "-"
36.252.213.159 - - [05/Sep/2024:05:52:32 +0000] "GET /img/media/static-pages/638518730849444029.webp HTTP/2.0" 200 15668 "https://ronixtools.com/en/product/400a-dc-arc-welding-inverter/" "Mozilla/5.0 (Linux; Android 10; K) AppleWebKit/537.36 (KHTML, like Gecko) Chrome/128.0.0.0 Mobile Safari/537.36" "-"
36.252.213.159 - - [05/Sep/2024:05:52:33 +0000] "GET /img/media/static-pages/638518733419925658.webp HTTP/2.0" 200 24308 "https://ronixtools.com/en/product/400a-dc-arc-welding-inverter/" "Mozilla/5.0 (Linux; Android 10; K) AppleWebKit/537.36 (KHTML, like Gecko) Chrome/128.0.0.0 Mobile Safari/537.36" "-"
5.160.13.226 - - [05/Sep/2024:05:52:33 +0000] "GET /en/blog HTTP/1.1" 301 185 "-" "-" "-"
5.160.13.226 - - [05/Sep/2024:05:52:33 +0000] "GET /en/blog/ HTTP/1.1" 200 65553 "-" "-" "-"
36.252.213.159 - - [05/Sep/2024:05:52:34 +0000] "GET /img/media/static-pages/638518736321939823.webp HTTP/2.0" 200 22914 "https://ronixtools.com/en/product/400a-dc-arc-welding-inverter/" "Mozilla/5.0 (Linux; Android 10; K) AppleWebKit/537.36 (KHTML, like Gecko) Chrome/128.0.0.0 Mobile Safari/537.36" "-"
36.252.213.159 - - [05/Sep/2024:05:52:35 +0000] "GET /img/media/products/rh-4640/original-638375356473834744.webp HTTP/2.0" 200 23080 "https://ronixtools.com/en/product/400a-dc-arc-welding-inverter/" "Mozilla/5.0 (Linux; Android 10; K) AppleWebKit/537.36 (KHTML, like Gecko) Chrome/128.0.0.0 Mobile Safari/537.36" "-"
208.92.185.188 - - [05/Sep/2024:05:52:36 +0000] "GET /img/media/static-pages/638136828064294221.webp HTTP/2.0" 200 29464 "https://www.google.com/" "Mozilla/5.0 (Linux; Android 10; K) AppleWebKit/537.36 (KHTML, like Gecko) Chrome/128.0.0.0 Mobile Safari/537.36" "-"
36.252.213.159 - - [05/Sep/2024:05:52:37 +0000] "GET /img/media/static-pages/638518732090642208.webp HTTP/2.0" 200 36566 "https://ronixtools.com/en/product/400a-dc-arc-welding-inverter/" "Mozilla/5.0 (Linux; Android 10; K) AppleWebKit/537.36 (KHTML, like Gecko) Chrome/128.0.0.0 Mobile Safari/537.36" "-"
36.252.213.159 - - [05/Sep/2024:05:52:37 +0000] "GET /img/media/static-pages/638518741216191842.webp HTTP/2.0" 200 24314 "https://ronixtools.com/en/product/400a-dc-arc-welding-inverter/" "Mozilla/5.0 (Linux; Android 10; K) AppleWebKit/537.36 (KHTML, like Gecko) Chrome/128.0.0.0 Mobile Safari/537.36" "-"
36.252.213.159 - - [05/Sep/2024:05:52:37 +0000] "GET /img/media/static-pages/638518740124937462.webp HTTP/2.0" 200 30958 "https://ronixtools.com/en/product/400a-dc-arc-welding-inverter/" "Mozilla/5.0 (Linux; Android 10; K) AppleWebKit/537.36 (KHTML, like Gecko) Chrome/128.0.0.0 Mobile Safari/537.36" "-"
47.128.56.130 - - [05/Sep/2024:05:52:39 +0000] "GET /en/product/38-pcs-1-2-1-4-dr-socket-set-rh-2638/ HTTP/2.0" 200 37854 "-" "Mozilla/5.0 (compatible; Bytespider; spider-feedback@bytedance.com) AppleWebKit/537.36 (KHTML, like Gecko) Chrome/70.0.0.0 Safari/537.36" "-"
47.128.56.130 - - [05/Sep/2024:05:52:40 +0000] "GET /css/components/_componentproductgallery.min.css HTTP/2.0" 200 6904 "https://ronixtools.com/en/product/38-pcs-1-2-1-4-dr-socket-set-rh-2638/" "Mozilla/5.0 (compatible; Bytespider; spider-feedback@bytedance.com) AppleWebKit/537.36 (KHTML, like Gecko) Chrome/70.0.0.0 Safari/537.36" "-"
47.128.56.130 - - [05/Sep/2024:05:52:40 +0000] "GET /img/media/products/rh-2638/original-637483815454261452.webp HTTP/2.0" 206 500 "https://ronixtools.com/en/product/38-pcs-1-2-1-4-dr-socket-set-rh-2638/" "Mozilla/5.0 (compatible; Bytespider; spider-feedback@bytedance.com) AppleWebKit/537.36 (KHTML, like Gecko) Chrome/70.0.0.0 Safari/537.36" "-"
47.128.56.130 - - [05/Sep/2024:05:52:40 +0000] "GET /img/media/products/rh-2638/original-637483815461445526.webp HTTP/2.0" 206 500 "https://ronixtools.com/en/product/38-pcs-1-2-1-4-dr-socket-set-rh-2638/" "Mozilla/5.0 (compatible; Bytespider; spider-feedback@bytedance.com) AppleWebKit/537.36 (KHTML, like Gecko) Chrome/70.0.0.0 Safari/537.36" "-"
47.128.56.130 - - [05/Sep/2024:05:52:40 +0000] "GET /img/media/products/rh-2638/search-thumb-638095338592712889.webp HTTP/2.0" 206 500 "https://ronixtools.com/en/product/38-pcs-1-2-1-4-dr-socket-set-rh-2638/" "Mozilla/5.0 (compatible; Bytespider; spider-feedback@bytedance.com) AppleWebKit/537.36 (KHTML, like Gecko) Chrome/70.0.0.0 Safari/537.36" "-"
47.128.56.130 - - [05/Sep/2024:05:52:40 +0000] "GET /img/media/products/rh-2638/original-637483815472570720.webp HTTP/2.0" 206 500 "https://ronixtools.com/en/product/38-pcs-1-2-1-4-dr-socket-set-rh-2638/" "Mozilla/5.0 (compatible; Bytespider; spider-feedback@bytedance.com) AppleWebKit/537.36 (KHTML, like Gecko) Chrome/70.0.0.0 Safari/537.36" "-"
52.167.144.200 - - [05/Sep/2024:05:52:40 +0000] "GET /ar/blog/wp-content/uploads/2021/12/all-types-of-battries.jpg HTTP/2.0" 200 65652 "-" "Mozilla/5.0 AppleWebKit/537.36 (KHTML, like Gecko; compatible; bingbot/2.0; +http://www.bing.com/bingbot.htm) Chrome/116.0.1938.76 Safari/537.36" "-"
47.128.56.130 - - [05/Sep/2024:05:52:40 +0000] "GET /img/media/products/rh-2641/search-thumb-638555078205521210.webp HTTP/2.0" 206 500 "https://ronixtools.com/en/product/38-pcs-1-2-1-4-dr-socket-set-rh-2638/" "Mozilla/5.0 (compatible; Bytespider; spider-feedback@bytedance.com) AppleWebKit/537.36 (KHTML, like Gecko) Chrome/70.0.0.0 Safari/537.36" "-"
47.128.56.130 - - [05/Sep/2024:05:52:41 +0000] "GET /img/media/products/rh-2640/search-thumb-637639450470683445.webp HTTP/2.0" 206 500 "https://ronixtools.com/en/product/38-pcs-1-2-1-4-dr-socket-set-rh-2638/" "Mozilla/5.0 (compatible; Bytespider; spider-feedback@bytedance.com) AppleWebKit/537.36 (KHTML, like Gecko) Chrome/70.0.0.0 Safari/537.36" "-"
47.128.56.130 - - [05/Sep/2024:05:52:41 +0000] "GET /img/media/products/rh-2620/search-thumb-637604808697961449.webp HTTP/2.0" 206 500 "https://ronixtools.com/en/product/38-pcs-1-2-1-4-dr-socket-set-rh-2638/" "Mozilla/5.0 (compatible; Bytespider; spider-feedback@bytedance.com) AppleWebKit/537.36 (KHTML, like Gecko) Chrome/70.0.0.0 Safari/537.36" "-"
47.128.56.130 - - [05/Sep/2024:05:52:41 +0000] "GET /img/media/products/rh-2610/search-thumb-637635073789445064.webp HTTP/2.0" 206 500 "https://ronixtools.com/en/product/38-pcs-1-2-1-4-dr-socket-set-rh-2638/" "Mozilla/5.0 (compatible; Bytespider; spider-feedback@bytedance.com) AppleWebKit/537.36 (KHTML, like Gecko) Chrome/70.0.0.0 Safari/537.36" "-"
47.128.56.130 - - [05/Sep/2024:05:52:41 +0000] "GET /img/media/products/rh-2638/mapped-638360635554057831.webp HTTP/2.0" 206 500 "https://ronixtools.com/en/product/38-pcs-1-2-1-4-dr-socket-set-rh-2638/" "Mozilla/5.0 (compatible; Bytespider; spider-feedback@bytedance.com) AppleWebKit/537.36 (KHTML, like Gecko) Chrome/70.0.0.0 Safari/537.36" "-"
47.128.56.130 - - [05/Sep/2024:05:52:41 +0000] "GET /en/home/getcaptchaimage?formCaptcha=ProductRatesAndReview&v1 HTTP/2.0" 200 11431 "https://ronixtools.com/en/product/38-pcs-1-2-1-4-dr-socket-set-rh-2638/" "Mozilla/5.0 (compatible; Bytespider; spider-feedback@bytedance.com) AppleWebKit/537.36 (KHTML, like Gecko) Chrome/70.0.0.0 Safari/537.36" "-"
47.128.56.130 - - [05/Sep/2024:05:52:41 +0000] "GET /en/home/getcaptchaimage?formCaptcha=Footer_Form&v1 HTTP/2.0" 200 11586 "https://ronixtools.com/en/product/38-pcs-1-2-1-4-dr-socket-set-rh-2638/" "Mozilla/5.0 (compatible; Bytespider; spider-feedback@bytedance.com) AppleWebKit/537.36 (KHTML, like Gecko) Chrome/70.0.0.0 Safari/537.36" "-"
36.252.213.159 - - [05/Sep/2024:05:52:42 +0000] "GET /img/media/static-pages/638518743525709411.webp HTTP/2.0" 200 30358 "https://ronixtools.com/en/product/400a-dc-arc-welding-inverter/" "Mozilla/5.0 (Linux; Android 10; K) AppleWebKit/537.36 (KHTML, like Gecko) Chrome/128.0.0.0 Mobile Safari/537.36" "-"
36.252.213.159 - - [05/Sep/2024:05:52:42 +0000] "GET /img/media/static-pages/638518744829270090.webp HTTP/2.0" 200 10882 "https://ronixtools.com/en/product/400a-dc-arc-welding-inverter/" "Mozilla/5.0 (Linux; Android 10; K) AppleWebKit/537.36 (KHTML, like Gecko) Chrome/128.0.0.0 Mobile Safari/537.36" "-"
36.252.213.159 - - [05/Sep/2024:05:52:45 +0000] "GET /img/media/products/rh-4640/search-thumb-638375356439048588.webp HTTP/2.0" 200 4820 "https://ronixtools.com/en/product/400a-dc-arc-welding-inverter/" "Mozilla/5.0 (Linux; Android 10; K) AppleWebKit/537.36 (KHTML, like Gecko) Chrome/128.0.0.0 Mobile Safari/537.36" "-"
66.249.66.162 - - [05/Sep/2024:05:52:45 +0000] "GET / HTTP/1.1" 301 0 "-" "Mozilla/5.0 (compatible; Googlebot/2.1; +http://www.google.com/bot.html)" "-"
36.252.213.159 - - [05/Sep/2024:05:52:45 +0000] "GET /img/media/products/rh-4640/mapped-638375355714404037.webp HTTP/2.0" 200 52646 "https://ronixtools.com/en/product/400a-dc-arc-welding-inverter/" "Mozilla/5.0 (Linux; Android 10; K) AppleWebKit/537.36 (KHTML, like Gecko) Chrome/128.0.0.0 Mobile Safari/537.36" "-"
36.252.213.159 - - [05/Sep/2024:05:52:45 +0000] "GET /img/media/products/rh-4603/search-thumb-638095608854787827.webp HTTP/2.0" 200 5986 "https://ronixtools.com/en/product/400a-dc-arc-welding-inverter/" "Mozilla/5.0 (Linux; Android 10; K) AppleWebKit/537.36 (KHTML, like Gecko) Chrome/128.0.0.0 Mobile Safari/537.36" "-"
36.252.213.159 - - [05/Sep/2024:05:52:45 +0000] "GET /img/media/products/rh-4604/search-thumb-637537658295402141.webp HTTP/2.0" 200 7244 "https://ronixtools.com/en/product/400a-dc-arc-welding-inverter/" "Mozilla/5.0 (Linux; Android 10; K) AppleWebKit/537.36 (KHTML, like Gecko) Chrome/128.0.0.0 Mobile Safari/537.36" "-"
36.252.213.159 - - [05/Sep/2024:05:52:45 +0000] "GET /img/media/products/rh-4605/search-thumb-638060144209257186.webp HTTP/2.0" 200 4520 "https://ronixtools.com/en/product/400a-dc-arc-welding-inverter/" "Mozilla/5.0 (Linux; Android 10; K) AppleWebKit/537.36 (KHTML, like Gecko) Chrome/128.0.0.0 Mobile Safari/537.36" "-"
36.252.213.159 - - [05/Sep/2024:05:52:45 +0000] "GET /img/media/products/rh-4618/search-thumb-638126635388191992.webp HTTP/2.0" 200 6078 "https://ronixtools.com/en/product/400a-dc-arc-welding-inverter/" "Mozilla/5.0 (Linux; Android 10; K) AppleWebKit/537.36 (KHTML, like Gecko) Chrome/128.0.0.0 Mobile Safari/537.36" "-"
36.252.213.159 - - [05/Sep/2024:05:52:45 +0000] "GET /img/media/products/rh-4611/search-thumb-638283687232065523.webp HTTP/2.0" 200 6248 "https://ronixtools.com/en/product/400a-dc-arc-welding-inverter/" "Mozilla/5.0 (Linux; Android 10; K) AppleWebKit/537.36 (KHTML, like Gecko) Chrome/128.0.0.0 Mobile Safari/537.36" "-"
66.249.76.37 - - [05/Sep/2024:05:52:46 +0000] "GET /en/ HTTP/1.1" 200 42849 "-" "Mozilla/5.0 (compatible; Googlebot/2.1; +http://www.google.com/bot.html)" "-"
36.252.213.159 - - [05/Sep/2024:05:52:46 +0000] "GET /img/media/products/rh-4620/search-thumb-638359791576186463.webp HTTP/2.0" 200 5702 "https://ronixtools.com/en/product/400a-dc-arc-welding-inverter/" "Mozilla/5.0 (Linux; Android 10; K) AppleWebKit/537.36 (KHTML, like Gecko) Chrome/128.0.0.0 Mobile Safari/537.36" "-"
36.252.213.159 - - [05/Sep/2024:05:52:46 +0000] "GET /en/home/getcaptchaimage?formCaptcha=ProductRatesAndReview&v1 HTTP/2.0" 200 10262 "https://ronixtools.com/en/product/400a-dc-arc-welding-inverter/" "Mozilla/5.0 (Linux; Android 10; K) AppleWebKit/537.36 (KHTML, like Gecko) Chrome/128.0.0.0 Mobile Safari/537.36" "-"
36.252.213.159 - - [05/Sep/2024:05:52:46 +0000] "GET /en/home/getcaptchaimage?formCaptcha=Footer_Form&v1 HTTP/2.0" 200 10436 "https://ronixtools.com/en/product/400a-dc-arc-welding-inverter/" "Mozilla/5.0 (Linux; Android 10; K) AppleWebKit/537.36 (KHTML, like Gecko) Chrome/128.0.0.0 Mobile Safari/537.36" "-"
46.56.242.165 - - [05/Sep/2024:05:52:47 +0000] "GET /ru/blog/wp-content/uploads/2021/12/torque-min.jpg HTTP/2.0" 200 52278 "https://www.google.com/" "Mozilla/5.0 (Linux; Android 14; RMX3890 Build/UKQ1.230917.001; wv) AppleWebKit/537.36 (KHTML, like Gecko) Version/4.0 Chrome/127.0.6533.103 Mobile Safari/537.36 GoogleApp/15.34.35.28.arm64" "-"
51.222.253.7 - - [05/Sep/2024:05:52:50 +0000] "GET /en/product-category/Manometers HTTP/2.0" 301 0 "-" "Mozilla/5.0 (compatible; AhrefsBot/7.0; +http://ahrefs.com/robot/)" "-"
36.252.213.159 - - [05/Sep/2024:05:52:51 +0000] "GET /img/media/static-images/fav.ico/manifest.json HTTP/2.0" 200 201 "https://ronixtools.com/en/product/400a-dc-arc-welding-inverter/" "Mozilla/5.0 (Linux; Android 10; K) AppleWebKit/537.36 (KHTML, like Gecko) Chrome/128.0.0.0 Mobile Safari/537.36" "-"
