52.167.144.187 - - [05/Sep/2024:05:56:23 +0000] "GET /de/blog/wp-content/themes/Ronix%20mag/assets/framework/fontawesome-6.3.0/webfonts/fa-solid-900.woff2 HTTP/2.0" 200 149908 "-" "Mozilla/5.0 AppleWebKit/537.36 (KHTML, like Gecko; compatible; bingbot/2.0; +http://www.bing.com/bingbot.htm) Chrome/116.0.1938.76 Safari/537.36" "-"
52.167.144.187 - - [05/Sep/2024:05:56:23 +0000] "GET /de/blog/wp-content/themes/Ronix%20mag/assets/framework/owl-carousel/owl.carousel.js?ver=1.4.1 HTTP/2.0" 200 20036 "-" "Mozilla/5.0 AppleWebKit/537.36 (KHTML, like Gecko; compatible; bingbot/2.0; +http://www.bing.com/bingbot.htm) Chrome/116.0.1938.76 Safari/537.36" "-"
52.167.144.187 - - [05/Sep/2024:05:56:24 +0000] "GET /de/blog/wp-content/uploads/2022/09/Alles-uber-Akkuschrauber-mit-Schlagfunktion-432x245.webp HTTP/2.0" 200 25190 "-" "Mozilla/5.0 AppleWebKit/537.36 (KHTML, like Gecko; compatible; bingbot/2.0; +http://www.bing.com/bingbot.htm) Chrome/116.0.1938.76 Safari/537.36" "-"
66.249.66.162 - - [05/Sep/2024:05:56:24 +0000] "GET /en/blog/wp-content/uploads/2020/11/1-2.png HTTP/1.1" 200 48134 "-" "Googlebot-Image/1.0" "-"
52.167.144.187 - - [05/Sep/2024:05:56:24 +0000] "GET /de/blog/wp-content/uploads/2023/04/98752passthru-104x104.webp HTTP/2.0" 200 2406 "-" "Mozilla/5.0 AppleWebKit/537.36 (KHTML, like Gecko; compatible; bingbot/2.0; +http://www.bing.com/bingbot.htm) Chrome/116.0.1938.76 Safari/537.36" "-"
52.167.144.187 - - [05/Sep/2024:05:56:24 +0000] "GET /de/blog/wp-includes/css/dashicons.min.css?ver=6.6.1 HTTP/2.0" 200 35749 "-" "Mozilla/5.0 AppleWebKit/537.36 (KHTML, like Gecko; compatible; bingbot/2.0; +http://www.bing.com/bingbot.htm) Chrome/116.0.1938.76 Safari/537.36" "-"
52.167.144.187 - - [05/Sep/2024:05:56:25 +0000] "GET /de/blog/wp-includes/js/jquery/jquery-migrate.min.js?ver=3.4.1 HTTP/2.0" 200 4872 "-" "Mozilla/5.0 AppleWebKit/537.36 (KHTML, like Gecko; compatible; bingbot/2.0; +http://www.bing.com/bingbot.htm) Chrome/116.0.1938.76 Safari/537.36" "-"
52.167.144.187 - - [05/Sep/2024:05:56:25 +0000] "GET /de/blog/wp-includes/js/jquery/jquery.min.js?ver=3.7.1 HTTP/2.0" 200 30419 "-" "Mozilla/5.0 AppleWebKit/537.36 (KHTML, like Gecko; compatible; bingbot/2.0; +http://www.bing.com/bingbot.htm) Chrome/116.0.1938.76 Safari/537.36" "-"
66.249.66.162 - - [05/Sep/2024:05:56:27 +0000] "GET /en/blog/category/how-to/ HTTP/1.1" 200 8556 "-" "Mozilla/5.0 (compatible; Googlebot/2.1; +http://www.google.com/bot.html)" "-"
57.141.0.23 - - [05/Sep/2024:05:56:28 +0000] "GET /en/blog/category/exhibition/ HTTP/2.0" 200 57785 "-" "facebookexternalhit/1.1 (+http://www.facebook.com/externalhit_uatext.php)" "-"
193.186.4.136 - - [05/Sep/2024:05:56:30 +0000] "GET /en/blog/air-compressor-parts-name/ HTTP/2.0" 200 19656 "https://www.google.com/" "Mozilla/5.0 (Linux; Android 10; K) AppleWebKit/537.36 (KHTML, like Gecko) Chrome/127.0.0.0 Mobile Safari/537.36" "-"
52.167.144.200 - - [05/Sep/2024:05:56:30 +0000] "GET /de/blog/wp-content/plugins/Ronix-plugin/plugins/wp-pagenavi/pagenavi-css.css?ver=2.70 HTTP/2.0" 200 181 "-" "Mozilla/5.0 AppleWebKit/537.36 (KHTML, like Gecko; compatible; bingbot/2.0; +http://www.bing.com/bingbot.htm) Chrome/116.0.1938.76 Safari/537.36" "-"
52.167.144.188 - - [05/Sep/2024:05:56:32 +0000] "GET /de/blog/wp-content/themes/Ronix%20mag/assets/framework/fontawesome-6.3.0/webfonts/fa-solid-900.ttf HTTP/2.0" 200 394832 "-" "Mozilla/5.0 AppleWebKit/537.36 (KHTML, like Gecko; compatible; bingbot/2.0; +http://www.bing.com/bingbot.htm) Chrome/116.0.1938.76 Safari/537.36" "-"
52.167.144.188 - - [05/Sep/2024:05:56:32 +0000] "GET /de/blog/wp-content/uploads/2022/09/Alles-uber-wasserdichte-Werkzeuge-432x245.webp HTTP/2.0" 200 29478 "-" "Mozilla/5.0 AppleWebKit/537.36 (KHTML, like Gecko; compatible; bingbot/2.0; +http://www.bing.com/bingbot.htm) Chrome/116.0.1938.76 Safari/537.36" "-"
52.167.144.188 - - [05/Sep/2024:05:56:33 +0000] "GET /de/blog/wp-content/uploads/2023/04/98752passthru-432x245.webp HTTP/2.0" 200 11128 "-" "Mozilla/5.0 AppleWebKit/537.36 (KHTML, like Gecko; compatible; bingbot/2.0; +http://www.bing.com/bingbot.htm) Chrome/116.0.1938.76 Safari/537.36" "-"
34.221.102.231 - - [05/Sep/2024:05:56:34 +0000] "GET /ru/hand-tools/wrenches/ratchet-handle/ HTTP/1.1" 200 43505 "-" "Mozilla/5.0 (compatible; MSIE 8.0; Windows; U; Windows NT 6.3; x64 Trident/4.0)" "-"
57.141.0.1 - - [05/Sep/2024:05:56:36 +0000] "GET /en/product/bimetal-hole-saw-22-rh-5221/ HTTP/2.0" 200 257024 "-" "meta-externalagent/1.1 (+https://developers.facebook.com/docs/sharing/webmasters/crawler)" "-"
173.252.83.26 - - [05/Sep/2024:05:56:39 +0000] "GET /en/product/gasoline-generator-12-kw/ HTTP/2.0" 200 282737 "-" "facebookexternalhit/1.1 (+http://www.facebook.com/externalhit_uatext.php)" "-"
52.167.144.200 - - [05/Sep/2024:05:56:40 +0000] "GET /en/product/bottle-jack-32-ton-rh-4907/ HTTP/2.0" 200 36859 "-" "Mozilla/5.0 AppleWebKit/537.36 (KHTML, like Gecko; compatible; bingbot/2.0; +http://www.bing.com/bingbot.htm) Chrome/116.0.1938.76 Safari/537.36" "-"
10.1.16.2 - - [05/Sep/2024:05:56:41 +0000] "GET /swagger HTTP/1.1" 301 0 "-" "-" "-"
10.1.16.2 - - [05/Sep/2024:05:56:41 +0000] "GET /swagger/index.html HTTP/1.1" 200 4778 "-" "-" "-"
52.167.144.200 - - [05/Sep/2024:05:56:41 +0000] "GET /de/blog/wp-content/plugins/kk-star-ratings/src/core/public/svg/active.svg HTTP/2.0" 200 246 "-" "Mozilla/5.0 AppleWebKit/537.36 (KHTML, like Gecko; compatible; bingbot/2.0; +http://www.bing.com/bingbot.htm) Chrome/116.0.1938.76 Safari/537.36" "-"
52.167.144.200 - - [05/Sep/2024:05:56:41 +0000] "GET /de/blog/wp-content/plugins/kk-star-ratings/src/core/public/svg/inactive.svg HTTP/2.0" 200 238 "-" "Mozilla/5.0 AppleWebKit/537.36 (KHTML, like Gecko; compatible; bingbot/2.0; +http://www.bing.com/bingbot.htm) Chrome/116.0.1938.76 Safari/537.36" "-"
52.167.144.200 - - [05/Sep/2024:05:56:41 +0000] "GET /de/blog/wp-content/uploads/2022/09/Alles-uber-wasserdichte-Werkzeuge-104x104.webp HTTP/2.0" 200 4220 "-" "Mozilla/5.0 AppleWebKit/537.36 (KHTML, like Gecko; compatible; bingbot/2.0; +http://www.bing.com/bingbot.htm) Chrome/116.0.1938.76 Safari/537.36" "-"
52.167.144.200 - - [05/Sep/2024:05:56:42 +0000] "GET /de/blog/wp-content/uploads/2022/09/Der-Unterschied-zwischen-Werkzeugaufnahmen-432x245.webp HTTP/2.0" 200 10630 "-" "Mozilla/5.0 AppleWebKit/537.36 (KHTML, like Gecko; compatible; bingbot/2.0; +http://www.bing.com/bingbot.htm) Chrome/116.0.1938.76 Safari/537.36" "-"
10.1.16.126 - ronixdev [05/Sep/2024:05:56:44 +0000] "GET /api/GenerateSitemapAPI/GenerateCategoriesSitemap HTTP/1.1" 400 0 "-" "-" "-"
10.1.16.126 - ronixdev [05/Sep/2024:05:56:44 +0000] "GET /api/GenerateSitemapAPI/GenerateProductsSitemap HTTP/1.1" 400 0 "-" "-" "-"
10.1.16.126 - ronixdev [05/Sep/2024:05:56:45 +0000] "GET /api/GenerateSitemapAPI/GenerateImagesSitemap HTTP/1.1" 400 0 "-" "-" "-"
10.1.16.126 - ronixdev [05/Sep/2024:05:56:46 +0000] "GET /api/GenerateSitemapAPI/GenerateLocationLandingSitemap HTTP/1.1" 400 0 "-" "-" "-"
66.249.66.161 - - [05/Sep/2024:05:56:46 +0000] "GET /product/26-mm-rotary-hammer-800w-2701 HTTP/1.1" 301 169 "-" "Mozilla/5.0 (compatible; Googlebot/2.1; +http://www.google.com/bot.html)" "-"
10.1.16.126 - ronixdev [05/Sep/2024:05:56:46 +0000] "GET /api/GenerateSitemapAPI/GenerateProfessionLandingSitemap HTTP/1.1" 400 0 "-" "-" "-"
34.221.102.231 - - [05/Sep/2024:05:56:46 +0000] "GET /tr/safety-equipment/safety-helmet/ HTTP/1.1" 200 37941 "-" "Mozilla/5.0 (Windows; U; Windows NT 6.2;) Gecko/20100101 Firefox/51.4" "-"
66.249.66.161 - - [05/Sep/2024:05:56:46 +0000] "GET /en/product/26-mm-rotary-hammer-800w-2701 HTTP/1.1" 404 42712 "-" "Mozilla/5.0 (compatible; Googlebot/2.1; +http://www.google.com/bot.html)" "-"
10.1.16.126 - ronixdev [05/Sep/2024:05:56:46 +0000] "GET /api/GenerateSitemapAPI/GenerateCategoriesSitemapMongoDB HTTP/1.1" 200 0 "-" "-" "-"
10.1.16.126 - ronixdev [05/Sep/2024:05:56:47 +0000] "GET /api/GenerateSitemapAPI/GenerateProductsSitemapMongoDB HTTP/1.1" 200 0 "-" "-" "-"
10.1.16.126 - ronixdev [05/Sep/2024:05:56:48 +0000] "GET /api/GenerateSitemapAPI/GenerateImagesSitemapMongoDB HTTP/1.1" 200 0 "-" "-" "-"
10.1.16.126 - ronixdev [05/Sep/2024:05:56:49 +0000] "GET /api/GenerateSitemapAPI/GenerateLandingSitemapMongoDB HTTP/1.1" 200 0 "-" "-" "-"
10.1.16.126 - ronixdev [05/Sep/2024:05:56:49 +0000] "GET /api/GenerateSitemapAPI/GenerateGeneralSitemapMongoDB HTTP/1.1" 200 0 "-" "-" "-"
57.141.0.30 - - [05/Sep/2024:05:56:51 +0000] "GET /en/product/pipe-wrench-36-inch/ HTTP/2.0" 200 260555 "-" "facebookexternalhit/1.1 (+http://www.facebook.com/externalhit_uatext.php)" "-"
10.100.8.5 - - [05/Sep/2024:05:56:52 +0000] "POST /fr/blog/wp-cron.php?doing_wp_cron=1725515812.5254189968109130859375 HTTP/1.1" 200 31 "-" "WordPress/6.6.1; https://ronixtools.com/fr/blog" "-"
150.50.50.1 - - [05/Sep/2024:05:56:54 +0000] "GET /fr/blog/wp-json/wp/v2/posts?per_page=100&page=1 HTTP/1.1" 200 2410484 "-" "-" "-"
150.50.50.1 - - [05/Sep/2024:05:56:55 +0000] "GET /fr/blog/wp-json/wp/v2/categories?per_page=100&page=1 HTTP/1.1" 200 119585 "-" "-" "-"
150.50.50.1 - - [05/Sep/2024:05:56:55 +0000] "GET /fr/blog/wp-json/wp/v2/media/2809 HTTP/1.1" 200 3831 "-" "-" "-"
150.50.50.1 - - [05/Sep/2024:05:56:55 +0000] "GET /fr/blog/wp-json/wp/v2/media/2806 HTTP/1.1" 200 3536 "-" "-" "-"
150.50.50.1 - - [05/Sep/2024:05:56:55 +0000] "GET /fr/blog/wp-json/wp/v2/media/2803 HTTP/1.1" 200 3446 "-" "-" "-"
52.167.144.188 - - [05/Sep/2024:05:56:55 +0000] "GET /fr/product/20v-brusless-screwdriver-8906/ HTTP/2.0" 200 34524 "-" "Mozilla/5.0 AppleWebKit/537.36 (KHTML, like Gecko; compatible; bingbot/2.0; +http://www.bing.com/bingbot.htm) Chrome/116.0.1938.76 Safari/537.36" "-"
173.252.83.62 - - [05/Sep/2024:05:56:57 +0000] "GET /en/hand-tools/wrenches/?page=1 HTTP/2.0" 200 333192 "-" "facebookexternalhit/1.1 (+http://www.facebook.com/externalhit_uatext.php)" "-"
34.221.102.231 - - [05/Sep/2024:05:56:58 +0000] "GET /es/product/m2-drill-bit-4-5mm-rh-5380/ HTTP/1.1" 200 31787 "-" "Mozilla/5.0 (iPad; CPU iPad OS 11_5_8 like Mac OS X) AppleWebKit/602.4 (KHTML, like Gecko) Chrome/52.0.3097.331 Mobile Safari/601.7" "-"
66.249.66.161 - - [05/Sep/2024:05:57:04 +0000] "GET /ir/news/milad-key-maram/ HTTP/1.1" 301 169 "-" "Mozilla/5.0 (compatible; Googlebot/2.1; +http://www.google.com/bot.html)" "-"
54.244.208.2 - - [05/Sep/2024:05:57:06 +0000] "GET /en/blog/a-guide-for-finding-the-best-electric-saws-for-cutting-trees/ HTTP/2.0" 200 20628 "-" "Mozilla/5.0 (Windows NT 10.0; Win64; x64) AppleWebKit/537.36 (KHTML, like Gecko) Chrome/109.0.0.0 Safari/537.36" "-"
54.244.208.2 - - [05/Sep/2024:05:57:07 +0000] "GET /en/blog/wp-content/plugins/Ronix-plugin/attachment/assets/css/add-style-component.css?ver=6.6.1 HTTP/2.0" 200 130 "https://ronixtools.com/en/blog/a-guide-for-finding-the-best-electric-saws-for-cutting-trees/" "Mozilla/5.0 (Windows NT 10.0; Win64; x64) AppleWebKit/537.36 (KHTML, like Gecko) Chrome/109.0.0.0 Safari/537.36" "-"
54.244.208.2 - - [05/Sep/2024:05:57:07 +0000] "GET /en/blog/wp-content/plugins/captcha-bws/css/front_end_style.css?ver=5.2.2 HTTP/2.0" 200 726 "https://ronixtools.com/en/blog/a-guide-for-finding-the-best-electric-saws-for-cutting-trees/" "Mozilla/5.0 (Windows NT 10.0; Win64; x64) AppleWebKit/537.36 (KHTML, like Gecko) Chrome/109.0.0.0 Safari/537.36" "-"
54.244.208.2 - - [05/Sep/2024:05:57:07 +0000] "GET /en/blog/wp-content/plugins/captcha-bws/css/desktop_style.css?ver=5.2.2 HTTP/2.0" 200 511 "https://ronixtools.com/en/blog/a-guide-for-finding-the-best-electric-saws-for-cutting-trees/" "Mozilla/5.0 (Windows NT 10.0; Win64; x64) AppleWebKit/537.36 (KHTML, like Gecko) Chrome/109.0.0.0 Safari/537.36" "-"
54.244.208.2 - - [05/Sep/2024:05:57:07 +0000] "GET /en/blog/wp-content/plugins/kk-star-ratings/src/core/public/css/kk-star-ratings.min.css?ver=5.4.8 HTTP/2.0" 200 593 "https://ronixtools.com/en/blog/a-guide-for-finding-the-best-electric-saws-for-cutting-trees/" "Mozilla/5.0 (Windows NT 10.0; Win64; x64) AppleWebKit/537.36 (KHTML, like Gecko) Chrome/109.0.0.0 Safari/537.36" "-"
54.244.208.2 - - [05/Sep/2024:05:57:07 +0000] "GET /en/blog/wp-content/plugins/Ronix-plugin/plugins/wp-pagenavi/pagenavi-css.css?ver=2.70 HTTP/2.0" 200 181 "https://ronixtools.com/en/blog/a-guide-for-finding-the-best-electric-saws-for-cutting-trees/" "Mozilla/5.0 (Windows NT 10.0; Win64; x64) AppleWebKit/537.36 (KHTML, like Gecko) Chrome/109.0.0.0 Safari/537.36" "-"
54.244.208.2 - - [05/Sep/2024:05:57:07 +0000] "GET /en/blog/wp-content/themes/Ronix%20mag/assets/framework/owl-carousel/owl.carousel.min.css?ver=4.0.0 HTTP/2.0" 200 1068 "https://ronixtools.com/en/blog/a-guide-for-finding-the-best-electric-saws-for-cutting-trees/" "Mozilla/5.0 (Windows NT 10.0; Win64; x64) AppleWebKit/537.36 (KHTML, like Gecko) Chrome/109.0.0.0 Safari/537.36" "-"
54.244.208.2 - - [05/Sep/2024:05:57:07 +0000] "GET /en/blog/wp-content/themes/Ronix%20mag/assets/framework/owl-carousel/owl.theme.default.min.css?ver=4.0.0 HTTP/2.0" 200 479 "https://ronixtools.com/en/blog/a-guide-for-finding-the-best-electric-saws-for-cutting-trees/" "Mozilla/5.0 (Windows NT 10.0; Win64; x64) AppleWebKit/537.36 (KHTML, like Gecko) Chrome/109.0.0.0 Safari/537.36" "-"
54.244.208.2 - - [05/Sep/2024:05:57:07 +0000] "GET /en/blog/wp-content/themes/Ronix%20mag/assets/framework/video-js-stream/videojs.watermark.css?ver=4.0.0 HTTP/2.0" 200 203 "https://ronixtools.com/en/blog/a-guide-for-finding-the-best-electric-saws-for-cutting-trees/" "Mozilla/5.0 (Windows NT 10.0; Win64; x64) AppleWebKit/537.36 (KHTML, like Gecko) Chrome/109.0.0.0 Safari/537.36" "-"
54.244.208.2 - - [05/Sep/2024:05:57:07 +0000] "GET /en/blog/wp-content/plugins/add-to-any/addtoany.min.css?ver=1.16 HTTP/2.0" 200 534 "https://ronixtools.com/en/blog/a-guide-for-finding-the-best-electric-saws-for-cutting-trees/" "Mozilla/5.0 (Windows NT 10.0; Win64; x64) AppleWebKit/537.36 (KHTML, like Gecko) Chrome/109.0.0.0 Safari/537.36" "-"
54.244.208.2 - - [05/Sep/2024:05:57:07 +0000] "GET /en/blog/wp-content/plugins/Ronix-plugin/attachment/assets/js/safedesign-front.js?ver=6.6.1 HTTP/2.0" 200 1667 "https://ronixtools.com/en/blog/a-guide-for-finding-the-best-electric-saws-for-cutting-trees/" "Mozilla/5.0 (Windows NT 10.0; Win64; x64) AppleWebKit/537.36 (KHTML, like Gecko) Chrome/109.0.0.0 Safari/537.36" "-"
54.244.208.2 - - [05/Sep/2024:05:57:07 +0000] "GET /en/blog/wp-includes/js/jquery/jquery.min.js?ver=3.7.1 HTTP/2.0" 200 30419 "https://ronixtools.com/en/blog/a-guide-for-finding-the-best-electric-saws-for-cutting-trees/" "Mozilla/5.0 (Windows NT 10.0; Win64; x64) AppleWebKit/537.36 (KHTML, like Gecko) Chrome/109.0.0.0 Safari/537.36" "-"
54.244.208.2 - - [05/Sep/2024:05:57:07 +0000] "GET /en/blog/wp-includes/css/dist/block-library/style.min.css?ver=6.6.1 HTTP/2.0" 200 14836 "https://ronixtools.com/en/blog/a-guide-for-finding-the-best-electric-saws-for-cutting-trees/" "Mozilla/5.0 (Windows NT 10.0; Win64; x64) AppleWebKit/537.36 (KHTML, like Gecko) Chrome/109.0.0.0 Safari/537.36" "-"
54.244.208.2 - - [05/Sep/2024:05:57:07 +0000] "GET /en/blog/wp-includes/css/dashicons.min.css?ver=6.6.1 HTTP/2.0" 200 35749 "https://ronixtools.com/en/blog/a-guide-for-finding-the-best-electric-saws-for-cutting-trees/" "Mozilla/5.0 (Windows NT 10.0; Win64; x64) AppleWebKit/537.36 (KHTML, like Gecko) Chrome/109.0.0.0 Safari/537.36" "-"
54.244.208.2 - - [05/Sep/2024:05:57:07 +0000] "GET /en/blog/wp-content/themes/Ronix%20mag/assets/framework/bootstrap-5.2.3-dist/css/bootstrap.rtl.min.css?ver=4.0.0 HTTP/2.0" 200 27532 "https://ronixtools.com/en/blog/a-guide-for-finding-the-best-electric-saws-for-cutting-trees/" "Mozilla/5.0 (Windows NT 10.0; Win64; x64) AppleWebKit/537.36 (KHTML, like Gecko) Chrome/109.0.0.0 Safari/537.36" "-"
54.244.208.2 - - [05/Sep/2024:05:57:07 +0000] "GET /en/blog/wp-content/themes/Ronix%20mag/assets/framework/fontawesome-6.3.0/css/all.min.css?ver=4.0.0 HTTP/2.0" 200 22378 "https://ronixtools.com/en/blog/a-guide-for-finding-the-best-electric-saws-for-cutting-trees/" "Mozilla/5.0 (Windows NT 10.0; Win64; x64) AppleWebKit/537.36 (KHTML, like Gecko) Chrome/109.0.0.0 Safari/537.36" "-"
54.244.208.2 - - [05/Sep/2024:05:57:07 +0000] "GET /en/blog/wp-content/themes/Ronix%20mag/assets/framework/video-js-stream/video-js.css?ver=4.0.0 HTTP/2.0" 200 10179 "https://ronixtools.com/en/blog/a-guide-for-finding-the-best-electric-saws-for-cutting-trees/" "Mozilla/5.0 (Windows NT 10.0; Win64; x64) AppleWebKit/537.36 (KHTML, like Gecko) Chrome/109.0.0.0 Safari/537.36" "-"
54.244.208.2 - - [05/Sep/2024:05:57:07 +0000] "GET /en/blog/wp-content/themes/Ronix%20mag/assets/dist/css/safedesign.min.css?ver=4.0.0 HTTP/2.0" 200 7031 "https://ronixtools.com/en/blog/a-guide-for-finding-the-best-electric-saws-for-cutting-trees/" "Mozilla/5.0 (Windows NT 10.0; Win64; x64) AppleWebKit/537.36 (KHTML, like Gecko) Chrome/109.0.0.0 Safari/537.36" "-"
54.244.208.2 - - [05/Sep/2024:05:57:07 +0000] "GET /en/blog/wp-includes/js/jquery/jquery-migrate.min.js?ver=3.4.1 HTTP/2.0" 200 4872 "https://ronixtools.com/en/blog/a-guide-for-finding-the-best-electric-saws-for-cutting-trees/" "Mozilla/5.0 (Windows NT 10.0; Win64; x64) AppleWebKit/537.36 (KHTML, like Gecko) Chrome/109.0.0.0 Safari/537.36" "-"
54.244.208.2 - - [05/Sep/2024:05:57:07 +0000] "GET /en/blog/wp-content/uploads/2023/06/cover-best-electric-saws.webp HTTP/2.0" 200 59320 "https://ronixtools.com/en/blog/a-guide-for-finding-the-best-electric-saws-for-cutting-trees/" "Mozilla/5.0 (Windows NT 10.0; Win64; x64) AppleWebKit/537.36 (KHTML, like Gecko) Chrome/109.0.0.0 Safari/537.36" "-"
141.0.12.11 - - [05/Sep/2024:05:57:07 +0000] "GET /img/media/static-images/fav.ico/favicon-16x16.png HTTP/1.1" 200 1437 "https://ronixtools.com/en/product/6-wheel-glass-cutter-rh-3400/" "Mozilla/5.0 (Linux; U; Android 12; Infinix X6516 Build/SP1A.210812.001; wv) AppleWebKit/537.36 (KHTML, like Gecko) Version/4.0 Chrome/127.0.6533.103 Mobile Safari/537.36 OPR/83.1.2254.73239" "102.91.4.26"
141.0.12.11 - - [05/Sep/2024:05:57:07 +0000] "GET /img/media/static-images/fav.ico/android-icon-192x192.png HTTP/1.1" 200 19680 "https://ronixtools.com/en/product/6-wheel-glass-cutter-rh-3400/" "Mozilla/5.0 (Linux; U; Android 12; Infinix X6516 Build/SP1A.210812.001; wv) AppleWebKit/537.36 (KHTML, like Gecko) Version/4.0 Chrome/127.0.6533.103 Mobile Safari/537.36 OPR/83.1.2254.73239" "102.91.4.26"
141.0.12.11 - - [05/Sep/2024:05:57:07 +0000] "GET /img/media/static-images/fav.ico/favicon-96x96.png HTTP/1.1" 200 7842 "https://ronixtools.com/en/product/6-wheel-glass-cutter-rh-3400/" "Mozilla/5.0 (Linux; U; Android 12; Infinix X6516 Build/SP1A.210812.001; wv) AppleWebKit/537.36 (KHTML, like Gecko) Version/4.0 Chrome/127.0.6533.103 Mobile Safari/537.36 OPR/83.1.2254.73239" "102.91.4.26"
141.0.12.11 - - [05/Sep/2024:05:57:07 +0000] "GET /img/media/static-images/fav.ico/favicon-32x32.png HTTP/1.1" 200 2093 "https://ronixtools.com/en/product/6-wheel-glass-cutter-rh-3400/" "Mozilla/5.0 (Linux; U; Android 12; Infinix X6516 Build/SP1A.210812.001; wv) AppleWebKit/537.36 (KHTML, like Gecko) Version/4.0 Chrome/127.0.6533.103 Mobile Safari/537.36 OPR/83.1.2254.73239" "102.91.4.26"
54.244.208.2 - - [05/Sep/2024:05:57:08 +0000] "GET /en/blog/wp-content/plugins/luckywp-table-of-contents/front/assets/main.min.css?ver=2.1.4 HTTP/2.0" 200 733 "https://ronixtools.com/en/blog/a-guide-for-finding-the-best-electric-saws-for-cutting-trees/" "Mozilla/5.0 (Windows NT 10.0; Win64; x64) AppleWebKit/537.36 (KHTML, like Gecko) Chrome/109.0.0.0 Safari/537.36" "-"
54.244.208.2 - - [05/Sep/2024:05:57:08 +0000] "GET /en/blog/wp-content/plugins/everything-reporter/assets/css/single-post.css?ver=6.6.1 HTTP/2.0" 200 127 "https://ronixtools.com/en/blog/a-guide-for-finding-the-best-electric-saws-for-cutting-trees/" "Mozilla/5.0 (Windows NT 10.0; Win64; x64) AppleWebKit/537.36 (KHTML, like Gecko) Chrome/109.0.0.0 Safari/537.36" "-"
54.244.208.2 - - [05/Sep/2024:05:57:08 +0000] "GET /en/blog/wp-content/plugins/kk-star-ratings/src/core/public/js/kk-star-ratings.min.js?ver=5.4.8 HTTP/2.0" 200 741 "https://ronixtools.com/en/blog/a-guide-for-finding-the-best-electric-saws-for-cutting-trees/" "Mozilla/5.0 (Windows NT 10.0; Win64; x64) AppleWebKit/537.36 (KHTML, like Gecko) Chrome/109.0.0.0 Safari/537.36" "-"
54.244.208.2 - - [05/Sep/2024:05:57:08 +0000] "GET /en/blog/wp-content/themes/Ronix%20mag/assets/dist/js/safedesign.min.js?ver=1.4.1 HTTP/2.0" 200 1089 "https://ronixtools.com/en/blog/a-guide-for-finding-the-best-electric-saws-for-cutting-trees/" "Mozilla/5.0 (Windows NT 10.0; Win64; x64) AppleWebKit/537.36 (KHTML, like Gecko) Chrome/109.0.0.0 Safari/537.36" "-"
54.244.208.2 - - [05/Sep/2024:05:57:08 +0000] "GET /en/blog/wp-content/themes/Ronix%20mag/assets/dist/js/datalayer_optinmonster.js?ver=1.4.1 HTTP/2.0" 200 295 "https://ronixtools.com/en/blog/a-guide-for-finding-the-best-electric-saws-for-cutting-trees/" "Mozilla/5.0 (Windows NT 10.0; Win64; x64) AppleWebKit/537.36 (KHTML, like Gecko) Chrome/109.0.0.0 Safari/537.36" "-"
54.244.208.2 - - [05/Sep/2024:05:57:08 +0000] "GET /en/blog/wp-content/uploads/2023/03/ronix-mag-logo.png HTTP/2.0" 200 2601 "https://ronixtools.com/en/blog/a-guide-for-finding-the-best-electric-saws-for-cutting-trees/" "Mozilla/5.0 (Windows NT 10.0; Win64; x64) AppleWebKit/537.36 (KHTML, like Gecko) Chrome/109.0.0.0 Safari/537.36" "-"
54.244.208.2 - - [05/Sep/2024:05:57:08 +0000] "GET /en/blog/wp-content/themes/Ronix%20mag/assets/framework/bootstrap-5.2.3-dist/js/bootstrap.bundle.min.js?ver=1.4.1 HTTP/2.0" 200 23305 "https://ronixtools.com/en/blog/a-guide-for-finding-the-best-electric-saws-for-cutting-trees/" "Mozilla/5.0 (Windows NT 10.0; Win64; x64) AppleWebKit/537.36 (KHTML, like Gecko) Chrome/109.0.0.0 Safari/537.36" "-"
54.244.208.2 - - [05/Sep/2024:05:57:08 +0000] "GET /en/blog/wp-content/themes/Ronix%20mag/assets/framework/owl-carousel/owl.carousel.min.js?ver=1.4.1 HTTP/2.0" 200 11412 "https://ronixtools.com/en/blog/a-guide-for-finding-the-best-electric-saws-for-cutting-trees/" "Mozilla/5.0 (Windows NT 10.0; Win64; x64) AppleWebKit/537.36 (KHTML, like Gecko) Chrome/109.0.0.0 Safari/537.36" "-"
54.244.208.2 - - [05/Sep/2024:05:57:08 +0000] "GET /en/blog/wp-content/themes/Ronix%20mag/assets/framework/fontawesome-6.3.0/webfonts/fa-regular-400.woff2 HTTP/2.0" 200 24840 "https://ronixtools.com/en/blog/wp-content/themes/Ronix%20mag/assets/framework/fontawesome-6.3.0/css/all.min.css?ver=4.0.0" "Mozilla/5.0 (Windows NT 10.0; Win64; x64) AppleWebKit/537.36 (KHTML, like Gecko) Chrome/109.0.0.0 Safari/537.36" "-"
54.244.208.2 - - [05/Sep/2024:05:57:08 +0000] "GET /en/blog/wp-content/themes/Ronix%20mag/assets/framework/fontawesome-6.3.0/webfonts/fa-brands-400.woff2 HTTP/2.0" 200 108000 "https://ronixtools.com/en/blog/wp-content/themes/Ronix%20mag/assets/framework/fontawesome-6.3.0/css/all.min.css?ver=4.0.0" "Mozilla/5.0 (Windows NT 10.0; Win64; x64) AppleWebKit/537.36 (KHTML, like Gecko) Chrome/109.0.0.0 Safari/537.36" "-"
54.244.208.2 - - [05/Sep/2024:05:57:08 +0000] "GET /en/blog/wp-content/themes/Ronix%20mag/assets/framework/fontawesome-6.3.0/webfonts/fa-solid-900.woff2 HTTP/2.0" 200 149908 "https://ronixtools.com/en/blog/wp-content/themes/Ronix%20mag/assets/framework/fontawesome-6.3.0/css/all.min.css?ver=4.0.0" "Mozilla/5.0 (Windows NT 10.0; Win64; x64) AppleWebKit/537.36 (KHTML, like Gecko) Chrome/109.0.0.0 Safari/537.36" "-"
5.160.13.226 - - [05/Sep/2024:05:57:08 +0000] "GET / HTTP/1.1" 301 0 "-" "-" "-"
54.244.208.2 - - [05/Sep/2024:05:57:09 +0000] "GET /en/blog/wp-content/themes/Ronix%20mag/assets/js/loadmoreposts.js?ver=20131205 HTTP/2.0" 200 484 "https://ronixtools.com/en/blog/a-guide-for-finding-the-best-electric-saws-for-cutting-trees/" "Mozilla/5.0 (Windows NT 10.0; Win64; x64) AppleWebKit/537.36 (KHTML, like Gecko) Chrome/109.0.0.0 Safari/537.36" "-"
54.244.208.2 - - [05/Sep/2024:05:57:09 +0000] "GET /en/blog/wp-content/plugins/luckywp-table-of-contents/front/assets/main.min.js?ver=2.1.4 HTTP/2.0" 200 1476 "https://ronixtools.com/en/blog/a-guide-for-finding-the-best-electric-saws-for-cutting-trees/" "Mozilla/5.0 (Windows NT 10.0; Win64; x64) AppleWebKit/537.36 (KHTML, like Gecko) Chrome/109.0.0.0 Safari/537.36" "-"
54.244.208.2 - - [05/Sep/2024:05:57:09 +0000] "GET /en/blog/wp-content/plugins/everything-reporter/assets/js/single-post.js?ver=6.6.1 HTTP/2.0" 200 312 "https://ronixtools.com/en/blog/a-guide-for-finding-the-best-electric-saws-for-cutting-trees/" "Mozilla/5.0 (Windows NT 10.0; Win64; x64) AppleWebKit/537.36 (KHTML, like Gecko) Chrome/109.0.0.0 Safari/537.36" "-"
54.244.208.2 - - [05/Sep/2024:05:57:09 +0000] "GET /en/blog/wp-content/plugins/captcha-bws/js/front_end_script.js?ver=6.6.1 HTTP/2.0" 200 1319 "https://ronixtools.com/en/blog/a-guide-for-finding-the-best-electric-saws-for-cutting-trees/" "Mozilla/5.0 (Windows NT 10.0; Win64; x64) AppleWebKit/537.36 (KHTML, like Gecko) Chrome/109.0.0.0 Safari/537.36" "-"
5.160.13.226 - - [05/Sep/2024:05:57:09 +0000] "GET /en/ HTTP/1.1" 200 323659 "-" "-" "-"
54.244.208.2 - - [05/Sep/2024:05:57:09 +0000] "GET /en/blog/wp-content/plugins/add-to-any/addtoany.min.js?ver=1.1 HTTP/2.0" 200 129 "https://ronixtools.com/en/blog/a-guide-for-finding-the-best-electric-saws-for-cutting-trees/" "Mozilla/5.0 (Windows NT 10.0; Win64; x64) AppleWebKit/537.36 (KHTML, like Gecko) Chrome/109.0.0.0 Safari/537.36" "-"
54.244.208.2 - - [05/Sep/2024:05:57:09 +0000] "GET /en/blog/wp-content/themes/Ronix%20mag/assets/images/search-icon.svg HTTP/2.0" 200 748 "https://ronixtools.com/en/blog/a-guide-for-finding-the-best-electric-saws-for-cutting-trees/" "Mozilla/5.0 (Windows NT 10.0; Win64; x64) AppleWebKit/537.36 (KHTML, like Gecko) Chrome/109.0.0.0 Safari/537.36" "-"
54.244.208.2 - - [05/Sep/2024:05:57:09 +0000] "GET /en/blog/wp-content/uploads/2023/06/01-best-electric-saws.webp HTTP/2.0" 200 74086 "https://ronixtools.com/en/blog/a-guide-for-finding-the-best-electric-saws-for-cutting-trees/" "Mozilla/5.0 (Windows NT 10.0; Win64; x64) AppleWebKit/537.36 (KHTML, like Gecko) Chrome/109.0.0.0 Safari/537.36" "-"
54.244.208.2 - - [05/Sep/2024:05:57:09 +0000] "GET /en/blog/wp-content/uploads/2023/06/02-best-electric-saws.webp HTTP/2.0" 200 98736 "https://ronixtools.com/en/blog/a-guide-for-finding-the-best-electric-saws-for-cutting-trees/" "Mozilla/5.0 (Windows NT 10.0; Win64; x64) AppleWebKit/537.36 (KHTML, like Gecko) Chrome/109.0.0.0 Safari/537.36" "-"
54.244.208.2 - - [05/Sep/2024:05:57:09 +0000] "GET /en/blog/wp-content/uploads/2023/06/05-best-electric-saws.webp HTTP/2.0" 200 72048 "https://ronixtools.com/en/blog/a-guide-for-finding-the-best-electric-saws-for-cutting-trees/" "Mozilla/5.0 (Windows NT 10.0; Win64; x64) AppleWebKit/537.36 (KHTML, like Gecko) Chrome/109.0.0.0 Safari/537.36" "-"
54.244.208.2 - - [05/Sep/2024:05:57:09 +0000] "GET /en/blog/wp-content/uploads/2023/06/04-best-electric-saws.webp HTTP/2.0" 200 59016 "https://ronixtools.com/en/blog/a-guide-for-finding-the-best-electric-saws-for-cutting-trees/" "Mozilla/5.0 (Windows NT 10.0; Win64; x64) AppleWebKit/537.36 (KHTML, like Gecko) Chrome/109.0.0.0 Safari/537.36" "-"
54.244.208.2 - - [05/Sep/2024:05:57:09 +0000] "GET /en/blog/wp-content/uploads/2023/06/03-best-electric-saws-2048x1377.webp HTTP/2.0" 200 400862 "https://ronixtools.com/en/blog/a-guide-for-finding-the-best-electric-saws-for-cutting-trees/" "Mozilla/5.0 (Windows NT 10.0; Win64; x64) AppleWebKit/537.36 (KHTML, like Gecko) Chrome/109.0.0.0 Safari/537.36" "-"
54.244.208.2 - - [05/Sep/2024:05:57:09 +0000] "GET /en/blog/wp-content/uploads/2023/06/06-best-electric-saws.webp HTTP/2.0" 200 69410 "https://ronixtools.com/en/blog/a-guide-for-finding-the-best-electric-saws-for-cutting-trees/" "Mozilla/5.0 (Windows NT 10.0; Win64; x64) AppleWebKit/537.36 (KHTML, like Gecko) Chrome/109.0.0.0 Safari/537.36" "-"
54.244.208.2 - - [05/Sep/2024:05:57:09 +0000] "GET /en/blog/wp-content/uploads/2023/06/07-best-electric-saws.webp HTTP/2.0" 200 21914 "https://ronixtools.com/en/blog/a-guide-for-finding-the-best-electric-saws-for-cutting-trees/" "Mozilla/5.0 (Windows NT 10.0; Win64; x64) AppleWebKit/537.36 (KHTML, like Gecko) Chrome/109.0.0.0 Safari/537.36" "-"
54.244.208.2 - - [05/Sep/2024:05:57:10 +0000] "GET /en/blog/wp-content/uploads/2023/06/08-best-electric-saws.webp HTTP/2.0" 200 44608 "https://ronixtools.com/en/blog/a-guide-for-finding-the-best-electric-saws-for-cutting-trees/" "Mozilla/5.0 (Windows NT 10.0; Win64; x64) AppleWebKit/537.36 (KHTML, like Gecko) Chrome/109.0.0.0 Safari/537.36" "-"
54.244.208.2 - - [05/Sep/2024:05:57:10 +0000] "GET /en/blog/wp-content/themes/Ronix%20mag/assets/images/Rectangle%203.png HTTP/2.0" 200 1044 "https://ronixtools.com/en/blog/a-guide-for-finding-the-best-electric-saws-for-cutting-trees/" "Mozilla/5.0 (Windows NT 10.0; Win64; x64) AppleWebKit/537.36 (KHTML, like Gecko) Chrome/109.0.0.0 Safari/537.36" "-"
34.221.102.231 - - [05/Sep/2024:05:57:10 +0000] "GET /en/product/cut-off-saw-2200w-5935/ HTTP/1.1" 200 41034 "-" "Mozilla/5.0 (Linux i654 ; en-US) Gecko/20100101 Firefox/70.0" "-"
54.244.208.2 - - [05/Sep/2024:05:57:10 +0000] "GET /en/blog/wp-content/uploads/2024/09/Cover-104x104.webp HTTP/2.0" 200 4664 "https://ronixtools.com/en/blog/a-guide-for-finding-the-best-electric-saws-for-cutting-trees/" "Mozilla/5.0 (Windows NT 10.0; Win64; x64) AppleWebKit/537.36 (KHTML, like Gecko) Chrome/109.0.0.0 Safari/537.36" "-"
54.244.208.2 - - [05/Sep/2024:05:57:10 +0000] "GET /en/blog/wp-content/uploads/2024/09/Best-Pressure-Washers-104x104.webp HTTP/2.0" 200 6494 "https://ronixtools.com/en/blog/a-guide-for-finding-the-best-electric-saws-for-cutting-trees/" "Mozilla/5.0 (Windows NT 10.0; Win64; x64) AppleWebKit/537.36 (KHTML, like Gecko) Chrome/109.0.0.0 Safari/537.36" "-"
54.244.208.2 - - [05/Sep/2024:05:57:10 +0000] "GET /en/blog/wp-content/uploads/2024/08/best-sewage-pump-104x104.webp HTTP/2.0" 200 4756 "https://ronixtools.com/en/blog/a-guide-for-finding-the-best-electric-saws-for-cutting-trees/" "Mozilla/5.0 (Windows NT 10.0; Win64; x64) AppleWebKit/537.36 (KHTML, like Gecko) Chrome/109.0.0.0 Safari/537.36" "-"
54.244.208.2 - - [05/Sep/2024:05:57:10 +0000] "GET /en/blog/wp-content/plugins/add-to-any/icons/instagram.svg HTTP/2.0" 200 808 "https://ronixtools.com/en/blog/a-guide-for-finding-the-best-electric-saws-for-cutting-trees/" "Mozilla/5.0 (Windows NT 10.0; Win64; x64) AppleWebKit/537.36 (KHTML, like Gecko) Chrome/109.0.0.0 Safari/537.36" "-"
54.244.208.2 - - [05/Sep/2024:05:57:10 +0000] "GET /en/blog/wp-content/uploads/2024/09/Cover-432x245.webp HTTP/2.0" 200 22062 "https://ronixtools.com/en/blog/a-guide-for-finding-the-best-electric-saws-for-cutting-trees/" "Mozilla/5.0 (Windows NT 10.0; Win64; x64) AppleWebKit/537.36 (KHTML, like Gecko) Chrome/109.0.0.0 Safari/537.36" "-"
54.244.208.2 - - [05/Sep/2024:05:57:10 +0000] "GET /en/blog/wp-content/uploads/2024/09/Best-Pressure-Washers-432x245.webp HTTP/2.0" 200 52048 "https://ronixtools.com/en/blog/a-guide-for-finding-the-best-electric-saws-for-cutting-trees/" "Mozilla/5.0 (Windows NT 10.0; Win64; x64) AppleWebKit/537.36 (KHTML, like Gecko) Chrome/109.0.0.0 Safari/537.36" "-"
54.244.208.2 - - [05/Sep/2024:05:57:10 +0000] "GET /en/blog/wp-content/uploads/2024/08/best-sewage-pump-432x245.webp HTTP/2.0" 200 28666 "https://ronixtools.com/en/blog/a-guide-for-finding-the-best-electric-saws-for-cutting-trees/" "Mozilla/5.0 (Windows NT 10.0; Win64; x64) AppleWebKit/537.36 (KHTML, like Gecko) Chrome/109.0.0.0 Safari/537.36" "-"
66.249.66.162 - - [05/Sep/2024:05:57:10 +0000] "GET /de/product/8-flat-file/?utm_source=PR-EUR-EN-EP-V1/and/utm_medium=profile/and/utm_campaign=sales HTTP/1.1" 200 31137 "-" "Mozilla/5.0 (Linux; Android 6.0.1; Nexus 5X Build/MMB29P) AppleWebKit/537.36 (KHTML, like Gecko) Chrome/128.0.6613.113 Mobile Safari/537.36 (compatible; Googlebot/2.1; +http://www.google.com/bot.html)" "-"
54.244.208.2 - - [05/Sep/2024:05:57:10 +0000] "GET /en/blog/wp-content/uploads/2024/07/Best-Car-Buffers-432x245.webp HTTP/2.0" 200 21292 "https://ronixtools.com/en/blog/a-guide-for-finding-the-best-electric-saws-for-cutting-trees/" "Mozilla/5.0 (Windows NT 10.0; Win64; x64) AppleWebKit/537.36 (KHTML, like Gecko) Chrome/109.0.0.0 Safari/537.36" "-"
54.244.208.2 - - [05/Sep/2024:05:57:10 +0000] "GET /en/blog/wp-content/uploads/2024/07/best-laser-levels-432x245.webp HTTP/2.0" 200 22008 "https://ronixtools.com/en/blog/a-guide-for-finding-the-best-electric-saws-for-cutting-trees/" "Mozilla/5.0 (Windows NT 10.0; Win64; x64) AppleWebKit/537.36 (KHTML, like Gecko) Chrome/109.0.0.0 Safari/537.36" "-"
66.249.66.162 - - [05/Sep/2024:05:57:10 +0000] "GET /en/blog/history-of-screwdrivers-hand-tools/1000 HTTP/1.1" 301 5 "-" "Mozilla/5.0 (Linux; Android 6.0.1; Nexus 5X Build/MMB29P) AppleWebKit/537.36 (KHTML, like Gecko) Chrome/128.0.6613.113 Mobile Safari/537.36 (compatible; Googlebot/2.1; +http://www.google.com/bot.html)" "-"
66.249.66.161 - - [05/Sep/2024:05:57:11 +0000] "GET /ar/product-category/Jacks HTTP/1.1" 301 169 "-" "Mozilla/5.0 (Linux; Android 6.0.1; Nexus 5X Build/MMB29P) AppleWebKit/537.36 (KHTML, like Gecko) Chrome/128.0.6613.113 Mobile Safari/537.36 (compatible; Googlebot/2.1; +http://www.google.com/bot.html)" "-"
54.244.208.2 - - [05/Sep/2024:05:57:11 +0000] "GET /en/blog/wp-content/plugins/kk-star-ratings/src/core/public/svg/inactive.svg HTTP/2.0" 200 238 "https://ronixtools.com/en/blog/wp-content/plugins/kk-star-ratings/src/core/public/css/kk-star-ratings.min.css?ver=5.4.8" "Mozilla/5.0 (Windows NT 10.0; Win64; x64) AppleWebKit/537.36 (KHTML, like Gecko) Chrome/109.0.0.0 Safari/537.36" "-"
54.244.208.2 - - [05/Sep/2024:05:57:11 +0000] "GET /en/blog/wp-content/uploads/2024/07/best-rv-water-pump-432x245.webp HTTP/2.0" 200 19744 "https://ronixtools.com/en/blog/a-guide-for-finding-the-best-electric-saws-for-cutting-trees/" "Mozilla/5.0 (Windows NT 10.0; Win64; x64) AppleWebKit/537.36 (KHTML, like Gecko) Chrome/109.0.0.0 Safari/537.36" "-"
54.244.208.2 - - [05/Sep/2024:05:57:11 +0000] "GET /en/blog/wp-content/plugins/kk-star-ratings/src/core/public/svg/active.svg HTTP/2.0" 200 246 "https://ronixtools.com/en/blog/wp-content/plugins/kk-star-ratings/src/core/public/css/kk-star-ratings.min.css?ver=5.4.8" "Mozilla/5.0 (Windows NT 10.0; Win64; x64) AppleWebKit/537.36 (KHTML, like Gecko) Chrome/109.0.0.0 Safari/537.36" "-"
54.244.208.2 - - [05/Sep/2024:05:57:11 +0000] "GET /en/blog/wp-content/themes/Ronix%20mag/assets/images/General/instagram.svg HTTP/2.0" 200 811 "https://ronixtools.com/en/blog/wp-content/themes/Ronix%20mag/assets/dist/css/safedesign.min.css?ver=4.0.0" "Mozilla/5.0 (Windows NT 10.0; Win64; x64) AppleWebKit/537.36 (KHTML, like Gecko) Chrome/109.0.0.0 Safari/537.36" "-"
54.244.208.2 - - [05/Sep/2024:05:57:11 +0000] "GET /en/blog/wp-content/themes/Ronix%20mag/assets/images/General/news-letterlbackgrond-picture-1920.webp HTTP/2.0" 200 138786 "https://ronixtools.com/en/blog/wp-content/themes/Ronix%20mag/assets/dist/css/safedesign.min.css?ver=4.0.0" "Mozilla/5.0 (Windows NT 10.0; Win64; x64) AppleWebKit/537.36 (KHTML, like Gecko) Chrome/109.0.0.0 Safari/537.36" "-"
66.249.76.38 - - [05/Sep/2024:05:57:11 +0000] "GET /en/blog/history-of-screwdrivers-hand-tools/ HTTP/1.1" 200 18311 "-" "Mozilla/5.0 (Linux; Android 6.0.1; Nexus 5X Build/MMB29P) AppleWebKit/537.36 (KHTML, like Gecko) Chrome/128.0.6613.113 Mobile Safari/537.36 (compatible; Googlebot/2.1; +http://www.google.com/bot.html)" "-"
5.160.13.226 - - [05/Sep/2024:05:57:13 +0000] "GET / HTTP/1.1" 301 0 "-" "-" "-"
5.160.13.226 - - [05/Sep/2024:05:57:14 +0000] "GET /en/ HTTP/1.1" 200 323596 "-" "-" "-"
5.160.13.226 - - [05/Sep/2024:05:57:15 +0000] "GET /en/blog HTTP/1.1" 301 185 "-" "-" "-"
5.160.13.226 - - [05/Sep/2024:05:57:15 +0000] "GET /en/blog/ HTTP/1.1" 200 65553 "-" "-" "-"
5.160.13.226 - - [05/Sep/2024:05:57:16 +0000] "GET /en/power-tools HTTP/1.1" 301 0 "-" "-" "-"
34.221.102.231 - - [05/Sep/2024:05:57:21 +0000] "GET /ar/exhibitions/big-5-global-dubai/ HTTP/1.1" 200 23231 "-" "Mozilla/5.0 (Linux i581 x86_64; en-US) AppleWebKit/603.1 (KHTML, like Gecko) Chrome/49.0.3263.253 Safari/533" "-"
10.100.8.5 - - [05/Sep/2024:05:57:22 +0000] "POST /es/blog/wp-cron.php?doing_wp_cron=1725515842.4048318862915039062500 HTTP/1.1" 200 31 "-" "WordPress/6.6.1; https://ronixtools.com/es/blog" "-"
66.249.66.161 - - [05/Sep/2024:05:57:22 +0000] "GET /es/blog/category/revision-de-herramientas/ HTTP/1.1" 200 10385 "-" "Mozilla/5.0 (compatible; Googlebot/2.1; +http://www.google.com/bot.html)" "-"
5.160.13.226 - - [05/Sep/2024:05:57:28 +0000] "GET /en/blog HTTP/1.1" 301 185 "-" "-" "-"
5.160.13.226 - - [05/Sep/2024:05:57:28 +0000] "GET /en/blog/ HTTP/1.1" 200 65553 "-" "-" "-"
193.186.4.216 - - [05/Sep/2024:05:57:33 +0000] "GET /es/blog/guide-to-repair-an-electric-drill/ HTTP/2.0" 200 18631 "https://www.google.com/" "Mozilla/5.0 (Linux; Android 10; K) AppleWebKit/537.36 (KHTML, like Gecko) Chrome/128.0.0.0 Mobile Safari/537.36" "-"
5.160.13.226 - - [05/Sep/2024:05:57:33 +0000] "GET /en/power-tools/ HTTP/1.1" 200 364396 "-" "-" "-"
5.160.13.226 - - [05/Sep/2024:05:57:33 +0000] "GET /en/product/hvlp-electric-spray-gun-650w-1365 HTTP/1.1" 301 0 "-" "-" "-"
5.160.13.226 - - [05/Sep/2024:05:57:34 +0000] "GET /en/product/hvlp-electric-spray-gun-650w-1365/ HTTP/1.1" 200 311587 "-" "-" "-"
57.141.0.4 - - [05/Sep/2024:05:57:35 +0000] "GET /en/blog/ronix-at-big5-4th-day/ HTTP/2.0" 200 86699 "-" "facebookexternalhit/1.1 (+http://www.facebook.com/externalhit_uatext.php)" "-"
54.244.208.2 - - [05/Sep/2024:05:57:36 +0000] "GET /en/blog/wp-content/uploads/2023/03/fave.svg HTTP/2.0" 200 354 "https://ronixtools.com/en/blog/a-guide-for-finding-the-best-electric-saws-for-cutting-trees/" "Mozilla/5.0 (Windows NT 10.0; Win64; x64) AppleWebKit/537.36 (KHTML, like Gecko) Chrome/109.0.0.0 Safari/537.36" "-"
115.246.170.203 - - [05/Sep/2024:05:57:36 +0000] "GET / HTTP/1.1" 301 169 "-" "Mozilla/5.0 (Windows NT 10.0; Win64; x64; rv:96.0) Gecko/20100101 Firefox/96.0" "241.198.91.190"
115.246.170.203 - - [05/Sep/2024:05:57:37 +0000] "GET / HTTP/2.0" 301 0 "-" "Mozilla/5.0 (Windows NT 10.0; Win64; x64; rv:96.0) Gecko/20100101 Firefox/96.0" "241.198.91.190"
115.246.170.203 - - [05/Sep/2024:05:57:38 +0000] "GET /en/ HTTP/2.0" 200 323461 "-" "Mozilla/5.0 (Windows NT 10.0; Win64; x64; rv:96.0) Gecko/20100101 Firefox/96.0" "241.198.91.190"
115.246.170.203 - - [05/Sep/2024:05:57:39 +0000] "GET /en/contact-us/ HTTP/1.1" 301 169 "-" "Mozilla/5.0 (Windows NT 10.0; Win64; x64; rv:96.0) Gecko/20100101 Firefox/96.0" "241.87.102.88"
115.246.170.203 - - [05/Sep/2024:05:57:39 +0000] "GET /en/contact-us/ HTTP/2.0" 200 346102 "-" "Mozilla/5.0 (Windows NT 10.0; Win64; x64; rv:96.0) Gecko/20100101 Firefox/96.0" "241.87.102.88"
115.246.170.203 - - [05/Sep/2024:05:57:40 +0000] "GET /en/contact-us/ HTTP/1.1" 301 169 "-" "Mozilla/5.0 (Windows NT 10.0; Win64; x64; rv:96.0) Gecko/20100101 Firefox/96.0" "241.158.113.68"
52.167.144.188 - - [05/Sep/2024:05:57:40 +0000] "GET /img/media/products/rh-4902/search-thumb-638136190979845694.webp HTTP/2.0" 200 4336 "-" "Mozilla/5.0 AppleWebKit/537.36 (KHTML, like Gecko; compatible; bingbot/2.0; +http://www.bing.com/bingbot.htm) Chrome/116.0.1938.76 Safari/537.36" "-"
115.246.170.203 - - [05/Sep/2024:05:57:40 +0000] "GET /en/contact-us/ HTTP/2.0" 200 346102 "-" "Mozilla/5.0 (Windows NT 10.0; Win64; x64; rv:96.0) Gecko/20100101 Firefox/96.0" "241.158.113.68"
52.167.144.188 - - [05/Sep/2024:05:57:40 +0000] "GET /img/media/products/rh-4905/search-thumb-638136792308979041.webp HTTP/2.0" 200 4268 "-" "Mozilla/5.0 AppleWebKit/537.36 (KHTML, like Gecko; compatible; bingbot/2.0; +http://www.bing.com/bingbot.htm) Chrome/116.0.1938.76 Safari/537.36" "-"
115.246.170.203 - - [05/Sep/2024:05:57:40 +0000] "GET /en/about-us/ HTTP/1.1" 301 169 "-" "Mozilla/5.0 (Windows NT 10.0; Win64; x64; rv:96.0) Gecko/20100101 Firefox/96.0" "241.10.133.38"
66.249.66.161 - - [05/Sep/2024:05:57:41 +0000] "GET /fr/ HTTP/1.1" 200 35746 "-" "Mozilla/5.0 (compatible; Googlebot/2.1; +http://www.google.com/bot.html)" "-"
52.167.144.188 - - [05/Sep/2024:05:57:41 +0000] "GET /img/media/products/rh-4906/search-thumb-638136798601883441.webp HTTP/2.0" 200 4662 "-" "Mozilla/5.0 AppleWebKit/537.36 (KHTML, like Gecko; compatible; bingbot/2.0; +http://www.bing.com/bingbot.htm) Chrome/116.0.1938.76 Safari/537.36" "-"
115.246.170.203 - - [05/Sep/2024:05:57:41 +0000] "GET /en/about-us/ HTTP/2.0" 200 246394 "-" "Mozilla/5.0 (Windows NT 10.0; Win64; x64; rv:96.0) Gecko/20100101 Firefox/96.0" "241.10.133.38"
52.167.144.187 - - [05/Sep/2024:05:57:41 +0000] "GET /img/media/products/rh-4903/search-thumb-638136196308960936.webp HTTP/2.0" 200 3148 "-" "Mozilla/5.0 AppleWebKit/537.36 (KHTML, like Gecko; compatible; bingbot/2.0; +http://www.bing.com/bingbot.htm) Chrome/116.0.1938.76 Safari/537.36" "-"
115.246.170.203 - - [05/Sep/2024:05:57:41 +0000] "GET /en/about-us/ HTTP/1.1" 301 169 "-" "Mozilla/5.0 (Windows NT 10.0; Win64; x64; rv:96.0) Gecko/20100101 Firefox/96.0" "241.244.29.73"
52.167.144.188 - - [05/Sep/2024:05:57:41 +0000] "GET /img/media/products/rh-4907/modeling-638385815760245073.webp HTTP/2.0" 200 117902 "-" "Mozilla/5.0 AppleWebKit/537.36 (KHTML, like Gecko; compatible; bingbot/2.0; +http://www.bing.com/bingbot.htm) Chrome/116.0.1938.76 Safari/537.36" "-"
115.246.170.203 - - [05/Sep/2024:05:57:41 +0000] "GET /en/about-us/ HTTP/2.0" 200 246394 "-" "Mozilla/5.0 (Windows NT 10.0; Win64; x64; rv:96.0) Gecko/20100101 Firefox/96.0" "241.244.29.73"
52.167.144.188 - - [05/Sep/2024:05:57:42 +0000] "GET /img/media/products/rh-4907/original-638136804794558268.webp HTTP/2.0" 200 17364 "-" "Mozilla/5.0 AppleWebKit/537.36 (KHTML, like Gecko; compatible; bingbot/2.0; +http://www.bing.com/bingbot.htm) Chrome/116.0.1938.76 Safari/537.36" "-"
66.249.76.37 - - [05/Sep/2024:05:57:43 +0000] "GET /css/components/_componentfooter.min.css HTTP/1.1" 200 1566 "https://ronixtools.com/fr/" "Mozilla/5.0 AppleWebKit/537.36 (KHTML, like Gecko; compatible; Googlebot/2.1; +http://www.google.com/bot.html) Chrome/127.0.6533.99 Safari/537.36" "-"
57.141.0.15 - - [05/Sep/2024:05:57:43 +0000] "GET /en/product/m2-drill-bit-12-5mm-rh-5396/ HTTP/2.0" 200 261432 "-" "meta-externalagent/1.1 (+https://developers.facebook.com/docs/sharing/webmasters/crawler)" "-"
52.167.144.200 - - [05/Sep/2024:05:57:44 +0000] "GET /img/media/products/rh-4904/search-thumb-638136783461693428.webp HTTP/2.0" 200 4006 "-" "Mozilla/5.0 AppleWebKit/537.36 (KHTML, like Gecko; compatible; bingbot/2.0; +http://www.bing.com/bingbot.htm) Chrome/116.0.1938.76 Safari/537.36" "-"
66.249.66.161 - - [05/Sep/2024:05:57:44 +0000] "GET /img/media/categories/menu-icons/637951943925378239.svg HTTP/1.1" 200 3635 "https://ronixtools.com/fr/" "Mozilla/5.0 AppleWebKit/537.36 (KHTML, like Gecko; compatible; Googlebot/2.1; +http://www.google.com/bot.html) Chrome/127.0.6533.99 Safari/537.36" "-"
52.167.144.200 - - [05/Sep/2024:05:57:44 +0000] "GET /img/media/products/rh-4907/mapped-638142873563117210.webp HTTP/2.0" 200 55396 "-" "Mozilla/5.0 AppleWebKit/537.36 (KHTML, like Gecko; compatible; bingbot/2.0; +http://www.bing.com/bingbot.htm) Chrome/116.0.1938.76 Safari/537.36" "-"
52.167.144.200 - - [05/Sep/2024:05:57:45 +0000] "GET /img/media/products/rh-4907/original-638136804580935300.webp HTTP/2.0" 200 18766 "-" "Mozilla/5.0 AppleWebKit/537.36 (KHTML, like Gecko; compatible; bingbot/2.0; +http://www.bing.com/bingbot.htm) Chrome/116.0.1938.76 Safari/537.36" "-"
52.167.144.200 - - [05/Sep/2024:05:57:45 +0000] "GET /img/media/products/rh-4907/original-638136804758059270.webp HTTP/2.0" 200 17188 "-" "Mozilla/5.0 AppleWebKit/537.36 (KHTML, like Gecko; compatible; bingbot/2.0; +http://www.bing.com/bingbot.htm) Chrome/116.0.1938.76 Safari/537.36" "-"
52.167.144.200 - - [05/Sep/2024:05:57:45 +0000] "GET /img/media/products/rh-4907/search-thumb-638136802003665751.webp HTTP/2.0" 200 3604 "-" "Mozilla/5.0 AppleWebKit/537.36 (KHTML, like Gecko; compatible; bingbot/2.0; +http://www.bing.com/bingbot.htm) Chrome/116.0.1938.76 Safari/537.36" "-"
173.252.70.5 - - [05/Sep/2024:05:57:49 +0000] "GET /en/blog/garden-tool-suppliers-in-germany/ HTTP/2.0" 200 96595 "-" "facebookexternalhit/1.1 (+http://www.facebook.com/externalhit_uatext.php)" "-"
10.1.16.126 - ronixdev [05/Sep/2024:05:57:49 +0000] "GET /api/GenerateSitemapAPI/GenerateCategoriesSitemap HTTP/1.1" 400 0 "-" "-" "-"
10.1.16.126 - ronixdev [05/Sep/2024:05:57:50 +0000] "GET /api/GenerateSitemapAPI/GenerateProductsSitemap HTTP/1.1" 400 0 "-" "-" "-"
10.1.16.126 - ronixdev [05/Sep/2024:05:57:50 +0000] "GET /api/GenerateSitemapAPI/GenerateImagesSitemap HTTP/1.1" 400 0 "-" "-" "-"
52.167.144.187 - - [05/Sep/2024:05:57:51 +0000] "GET /img/media/products/rh-4907/original-638136804723214073.webp HTTP/2.0" 200 19516 "-" "Mozilla/5.0 AppleWebKit/537.36 (KHTML, like Gecko; compatible; bingbot/2.0; +http://www.bing.com/bingbot.htm) Chrome/116.0.1938.76 Safari/537.36" "-"
10.1.16.126 - ronixdev [05/Sep/2024:05:57:51 +0000] "GET /api/GenerateSitemapAPI/GenerateLocationLandingSitemap HTTP/1.1" 400 0 "-" "-" "-"
52.167.144.187 - - [05/Sep/2024:05:57:51 +0000] "GET /img/media/products/rh-4907/original-638136804839621274.webp HTTP/2.0" 200 5852 "-" "Mozilla/5.0 AppleWebKit/537.36 (KHTML, like Gecko; compatible; bingbot/2.0; +http://www.bing.com/bingbot.htm) Chrome/116.0.1938.76 Safari/537.36" "-"
10.1.16.126 - ronixdev [05/Sep/2024:05:57:51 +0000] "GET /api/GenerateSitemapAPI/GenerateProfessionLandingSitemap HTTP/1.1" 400 0 "-" "-" "-"
52.167.144.187 - - [05/Sep/2024:05:57:52 +0000] "GET /img/media/products/rh-4907/original-638136804867619969.webp HTTP/2.0" 200 22642 "-" "Mozilla/5.0 AppleWebKit/537.36 (KHTML, like Gecko; compatible; bingbot/2.0; +http://www.bing.com/bingbot.htm) Chrome/116.0.1938.76 Safari/537.36" "-"
10.1.16.126 - ronixdev [05/Sep/2024:05:57:52 +0000] "GET /api/GenerateSitemapAPI/GenerateCategoriesSitemapMongoDB HTTP/1.1" 200 0 "-" "-" "-"
52.167.144.187 - - [05/Sep/2024:05:57:52 +0000] "GET /img/media/products/2506/search-thumb-637607413426693487.webp HTTP/2.0" 200 4372 "-" "Mozilla/5.0 AppleWebKit/537.36 (KHTML, like Gecko; compatible; bingbot/2.0; +http://www.bing.com/bingbot.htm) Chrome/116.0.1938.76 Safari/537.36" "-"
52.167.144.187 - - [05/Sep/2024:05:57:52 +0000] "GET /img/media/products/8104k/search-thumb-638028815886016283.webp HTTP/2.0" 200 3130 "-" "Mozilla/5.0 AppleWebKit/537.36 (KHTML, like Gecko; compatible; bingbot/2.0; +http://www.bing.com/bingbot.htm) Chrome/116.0.1938.76 Safari/537.36" "-"
10.1.16.126 - ronixdev [05/Sep/2024:05:57:52 +0000] "GET /api/GenerateSitemapAPI/GenerateProductsSitemapMongoDB HTTP/1.1" 200 0 "-" "-" "-"
10.1.16.126 - ronixdev [05/Sep/2024:05:57:53 +0000] "GET /api/GenerateSitemapAPI/GenerateImagesSitemapMongoDB HTTP/1.1" 200 0 "-" "-" "-"
10.1.16.2 - - [05/Sep/2024:05:57:54 +0000] "GET /swagger HTTP/1.1" 301 0 "-" "-" "-"
10.1.16.2 - - [05/Sep/2024:05:57:54 +0000] "GET /swagger/index.html HTTP/1.1" 200 4778 "-" "-" "-"
10.1.16.126 - ronixdev [05/Sep/2024:05:57:54 +0000] "GET /api/GenerateSitemapAPI/GenerateLandingSitemapMongoDB HTTP/1.1" 200 0 "-" "-" "-"
10.1.16.126 - ronixdev [05/Sep/2024:05:57:54 +0000] "GET /api/GenerateSitemapAPI/GenerateGeneralSitemapMongoDB HTTP/1.1" 200 0 "-" "-" "-"
66.249.66.161 - - [05/Sep/2024:05:57:58 +0000] "GET /tr/blog/ HTTP/1.1" 200 11263 "-" "Mozilla/5.0 (compatible; Googlebot/2.1; +http://www.google.com/bot.html)" "-"
66.249.76.37 - - [05/Sep/2024:05:58:01 +0000] "GET /tr/blog/wp-content/themes/Ronix%20mag/assets/dist/js/datalayer_optinmonster.js?ver=1.4.1 HTTP/1.1" 200 308 "https://ronixtools.com/tr/blog/" "Mozilla/5.0 AppleWebKit/537.36 (KHTML, like Gecko; compatible; Googlebot/2.1; +http://www.google.com/bot.html) Chrome/127.0.6533.99 Safari/537.36" "-"
66.249.66.161 - - [05/Sep/2024:05:58:01 +0000] "GET /tr/blog/wp-content/themes/Ronix%20mag/assets/framework/owl-carousel/owl.theme.default.min.css?ver=4.0.0 HTTP/1.1" 200 491 "https://ronixtools.com/tr/blog/" "Mozilla/5.0 AppleWebKit/537.36 (KHTML, like Gecko; compatible; Googlebot/2.1; +http://www.google.com/bot.html) Chrome/127.0.6533.99 Safari/537.36" "-"
40.77.167.15 - - [05/Sep/2024:05:58:01 +0000] "GET /en/blog/wp-content/uploads/2020/11/5-21.jpg HTTP/2.0" 200 101129 "-" "Mozilla/5.0 AppleWebKit/537.36 (KHTML, like Gecko; compatible; bingbot/2.0; +http://www.bing.com/bingbot.htm) Chrome/116.0.1938.76 Safari/537.36" "-"
66.249.76.37 - - [05/Sep/2024:05:58:01 +0000] "GET /de/power-tools/sanders/ HTTP/1.1" 200 40848 "-" "Mozilla/5.0 (Linux; Android 6.0.1; Nexus 5X Build/MMB29P) AppleWebKit/537.36 (KHTML, like Gecko) Chrome/128.0.6613.113 Mobile Safari/537.36 (compatible; Googlebot/2.1; +http://www.google.com/bot.html)" "-"
57.141.0.29 - - [05/Sep/2024:05:58:07 +0000] "GET /en/product/ronix-tower-pincer-rh-1513/ HTTP/2.0" 200 291697 "-" "facebookexternalhit/1.1 (+http://www.facebook.com/externalhit_uatext.php)" "-"
140.248.30.176 - - [05/Sep/2024:05:58:08 +0000] "GET /en/blog/wp-content/uploads/2023/05/Best-Demolition-Hammer-Jackhammer-for-Tile-Removal.webp HTTP/2.0" 200 100740 "https://www.google.com/" "Mozilla/5.0 (iPhone; CPU iPhone OS 17_6_1 like Mac OS X) AppleWebKit/605.1.15 (KHTML, like Gecko) Version/17.6 Mobile/15E148 Safari/604.1" "-"
57.141.0.17 - - [05/Sep/2024:05:58:08 +0000] "GET /en/product/tcg-circular-saw-blade-230x3-2x30x64-t-lhc11323031/ HTTP/2.0" 200 252855 "-" "meta-externalagent/1.1 (+https://developers.facebook.com/docs/sharing/webmasters/crawler)" "-"
57.141.0.14 - - [05/Sep/2024:05:58:10 +0000] "GET /en/product/double-open-end-spanner-16-17mm-rh-2216/ HTTP/2.0" 200 255518 "-" "facebookexternalhit/1.1 (+http://www.facebook.com/externalhit_uatext.php)" "-"
173.252.69.114 - - [05/Sep/2024:05:58:12 +0000] "GET /en/product/locking-pliers-7-dynamic-model-rh-1412/ HTTP/2.0" 200 296200 "-" "facebookexternalhit/1.1 (+http://www.facebook.com/externalhit_uatext.php)" "-"
